Archive member included because of file (symbol)

E:/Program Files/SDK30/SDK 9.4.1/SDK/lib_gnu_434/eft30.lib(ctype.o)
                              Obj/GNU_ARM_DEBUG/Menu.o (isalpha)
E:/Program Files/SDK30/SDK 9.4.1/SDK/lib_gnu_434/eft30.lib(atoi.o)
                              Obj/GNU_ARM_DEBUG/Menu.o (atol)
E:/Program Files/SDK30/SDK 9.4.1/SDK/lib_gnu_434/eft30.lib(atof.o)
                              Obj/GNU_ARM_DEBUG/UI.o (atof)
E:/Program Files/SDK30/SDK 9.4.1/SDK/lib_gnu_434/eft30.lib(extens119.o)
                              Obj/GNU_ARM_DEBUG/Entry.o (StateHeader)
E:/Program Files/SDK30/SDK 9.4.1/SDK/lib_gnu_434/eft30.lib(saisie18.o)
                              Obj/GNU_ARM_DEBUG/UI.o (G_Saisie_Etendue)
E:/Program Files/SDK30/SDK 9.4.1/SDK/lib_gnu_434/eft30.lib(saisie2.o)
                              Obj/GNU_ARM_DEBUG/UI.o (Saisie_Alphanumerique)
E:/Program Files/SDK30/SDK 9.4.1/SDK/lib_gnu_434/eft30.lib(saisie6.o)
                              Obj/GNU_ARM_DEBUG/Entry.o (Read_Saisie)
E:/Program Files/SDK30/SDK 9.4.1/SDK/lib_gnu_434/eft30.lib(saisie7.o)
                              Obj/GNU_ARM_DEBUG/Menu.o (G_Saisie_Numerique)
E:/Program Files/SDK30/SDK 9.4.1/SDK/lib_gnu_434/eft30.lib(saisie8.o)
                              Obj/GNU_ARM_DEBUG/UI.o (G_Saisie_Alphanumerique)
E:/Program Files/SDK30/SDK 9.4.1/SDK/lib_gnu_434/eft30.lib(saisie9.o)
                              Obj/GNU_ARM_DEBUG/Entry.o (G_Saisie_Liste)
E:/Program Files/SDK30/SDK 9.4.1/SDK/lib_gnu_434/eft30.lib(sv24.o)
                              Obj/GNU_ARM_DEBUG/Entry.o (SV_read_date)
E:/Program Files/SDK30/SDK 9.4.1/SDK/lib_gnu_434/eft30.lib(libgr1.o)
                              Obj/GNU_ARM_DEBUG/Entry.o (PaintGraphics)
E:/Program Files/SDK30/SDK 9.4.1/SDK/lib_gnu_434/eft30.lib(libgr110.o)
                              Obj/GNU_ARM_DEBUG/Menu.o (clrscr)
E:/Program Files/SDK30/SDK 9.4.1/SDK/lib_gnu_434/eft30.lib(libgr2.o)
                              Obj/GNU_ARM_DEBUG/Menu.o (StringWidth)
E:/Program Files/SDK30/SDK 9.4.1/SDK/lib_gnu_434/eft30.lib(libgr23.o)
                              Obj/GNU_ARM_DEBUG/Entry.o (_DrawString)
E:/Program Files/SDK30/SDK 9.4.1/SDK/lib_gnu_434/eft30.lib(libgr24.o)
                              Obj/GNU_ARM_DEBUG/Menu.o (DrawString)
E:/Program Files/SDK30/SDK 9.4.1/SDK/lib_gnu_434/eft30.lib(libgr26.o)
                              Obj/GNU_ARM_DEBUG/Parms.o (DrawWindowFont)
E:/Program Files/SDK30/SDK 9.4.1/SDK/lib_gnu_434/eft30.lib(libgr28.o)
                              Obj/GNU_ARM_DEBUG/Menu.o (SetArea)
E:/Program Files/SDK30/SDK 9.4.1/SDK/lib_gnu_434/eft30.lib(libgr3.o)
                              Obj/GNU_ARM_DEBUG/Display.o (SetFont)
E:/Program Files/SDK30/SDK 9.4.1/SDK/lib_gnu_434/eft30.lib(libgr33.o)
                              Obj/GNU_ARM_DEBUG/Entry.o (GetScreenSize)
E:/Program Files/SDK30/SDK 9.4.1/SDK/lib_gnu_434/eft30.lib(libgr35.o)
                              Obj/GNU_ARM_DEBUG/Menu.o (_clrscr)
E:/Program Files/SDK30/SDK 9.4.1/SDK/lib_gnu_434/eft30.lib(libgr37.o)
                              Obj/GNU_ARM_DEBUG/Menu.o (GetPoliceSize)
E:/Program Files/SDK30/SDK 9.4.1/SDK/lib_gnu_434/eft30.lib(libgr48.o)
                              Obj/GNU_ARM_DEBUG/Entry.o (SetDefaultFont)
E:/Program Files/SDK30/SDK 9.4.1/SDK/lib_gnu_434/eft30.lib(libgr49.o)
                              Obj/GNU_ARM_DEBUG/Entry.o (GetDefaultFont)
E:/Program Files/SDK30/SDK 9.4.1/SDK/lib_gnu_434/eft30.lib(libgr5.o)
                              Obj/GNU_ARM_DEBUG/Menu.o (SetType)
E:/Program Files/SDK30/SDK 9.4.1/SDK/lib_gnu_434/eft30.lib(libgr6.o)
                              Obj/GNU_ARM_DEBUG/UI.o (GetType)
E:/Program Files/SDK30/SDK 9.4.1/SDK/lib_gnu_434/eft30.lib(libgr7.o)
                              Obj/GNU_ARM_DEBUG/Entry.o (CreateGraphics)
E:/Program Files/SDK30/SDK 9.4.1/SDK/lib_gnu_434/eft30.lib(LibAppli.o)
                              Obj/GNU_ARM_DEBUG/Entry.o (printf)
E:/Program Files/SDK30/SDK 9.4.1/SDK/lib_gnu_434/eft30.lib(extens.o)
                              E:/Program Files/SDK30/SDK 9.4.1/SDK/lib_gnu_434/eft30.lib(extens119.o) (extenslib_open)
E:/Program Files/SDK30/SDK 9.4.1/SDK/lib_gnu_434/eft30.lib(saisie.o)
                              E:/Program Files/SDK30/SDK 9.4.1/SDK/lib_gnu_434/eft30.lib(saisie18.o) (saisielib_open)
E:/Program Files/SDK30/SDK 9.4.1/SDK/lib_gnu_434/eft30.lib(sv.o)
                              E:/Program Files/SDK30/SDK 9.4.1/SDK/lib_gnu_434/eft30.lib(sv24.o) (svlib_open)
E:/Program Files/SDK30/SDK 9.4.1/SDK/lib_gnu_434/eft30.lib(libgr.o)
                              E:/Program Files/SDK30/SDK 9.4.1/SDK/lib_gnu_434/eft30.lib(libgr1.o) (libgrlib_open)
E:/Program Files/SDK30/SDK 9.4.1/SDK/lib_gnu_434/trap.lib(trap_1302___STDOUT.o)
                              Obj/GNU_ARM_DEBUG/Entry.o (__STDOUT)
E:/Program Files/SDK30/SDK 9.4.1/SDK/lib_gnu_434/trap.lib(trap_1313_fclose.o)
                              Obj/GNU_ARM_DEBUG/Entry.o (fclose)
[...]
Memory Configuration

Name             Origin             Length             Attributes
*default*        0x00000000         0xffffffff

Linker script and memory map

                0x00000000                . = 0x0
                0x00000000                __text_start = .

.text           0x00000000     0xfe20
 *(.first)
 .first         0x00000000       0xb0 Obj/GNU_ARM_DEBUG/cstartup.o
                0x00000000                _start
 *(.text .text.*)
 .text          0x000000b0      0x124 Obj/GNU_ARM_DEBUG/Main.o
                0x000000b0                Main
 .text          0x000001d4      0xb40 Obj/GNU_ARM_DEBUG/Entry.o
                0x000001d4                give_your_domain
                0x00000218                keyboard_event
                0x00000264                is_delete
                0x0000028c                file_received
                0x000002b0                card_inside
                0x000002d8                give_interface
                0x00000324                entry
                0x0000039c                debit_non_emv
                0x000004b4                message_received
                0x0000053c                is_for_you_after
                0x0000061c                modif_param
                0x00000678                time_function
                0x000006d0                mcall
                0x0000075c                consult
                0x000007e8                state
                0x00000898                idle_message
                0x00000904                is_name
                0x0000096c                is_card_specific
                0x000009a8                is_evol_pg
                0x000009e4                is_change_init
                0x00000a40                is_time_function
                0x00000a7c                is_state
                0x00000ab8                after_reset
                0x00000b48                ManageMenu
                0x00000c78                more_function
 .text          0x00000d14     0x36ec Obj/GNU_ARM_DEBUG/Menu.o
                0x00000d14                HandleMenu
                0x00000d38                ZippcardFunction
                0x00000d5c                isMerchantPassWordSet
                0x00000d90                isApplicationLocked
                0x00000dc4                PrintLog
                0x00000de4                SaveGlobalData
                0x00000e58                ParseCancelResponse
                0x00000ee0                InitRecieptVar
                0x00000f14                LoadGlobalData
                0x00000fdc                DisplayPassword
                0x000010b0                DisplayAmount
                0x0000115c                DrawPrompt
                0x00001208                ParseApprovalResponse
                0x0000190c                PrintAddress
                0x000019a0                PrintStatus
                0x00001a6c                print_datetime
                0x00001ae0                PrintReceipt
                0x00001d74                ParseCustomerList
                0x00001f68                ParseAuthToken
                0x000020f8                ParseResponse
                0x000022b8                ConnectEthernet
                0x000027c4                SendRequest
                0x00002820                TCPGetCustomerList
                0x00002b0c                GetCustomerList
                0x00002b68                TCPGetAuthToken
                0x00002e7c                GetAuthToken
                0x00002ed8                GetPassword
                0x00002fbc                GetUserID
                0x00003098                UserLogin
                0x000030d8                GetTabNumber
                0x000031e4                GetPurchaseAmount
                0x00003348                SelectOption
                0x00003438                OnTabMenu
                0x00003540                SetupFunction
                0x00003584                GetPurchaseAmount1
                0x000036cc                SelectCustomer
                0x00003880                OnTab
                0x00003974                setMerchantPassword
                0x00003a80                checkMaintenancePassword
                0x00003b34                checkMerchantPassword
                0x00003bf0                checkDefaultPassword
                0x00003eb8                InitApplicationData
                0x00003fc4                SelectFromList
                0x00004110                InitMenu
                0x000042ec                UtilityPaymentFunction
                0x0000433c                BillPaymentFunction
                0x0000438c                CheckSetupPassword
 .text          0x00004400      0x3a4 Obj/GNU_ARM_DEBUG/Display.o
                0x00004400                fs_DisplayClearAll
                0x0000443c                fs_DisplayClearRow
                0x00004488                fs_DisplayAtRowReverse
                0x0000451c                fs_DisplayAtRowOverWriteReverse
                0x000045e4                fs_DisplayAtRowOverWrite
                0x0000467c                fs_DisplayClearWindowContents
                0x000046bc                fs_DisplayAtRow
                0x0000476c                fs_DisplayInit
 .text          0x000047a4     0x11d8 Obj/GNU_ARM_DEBUG/Parms.o
                0x000047a4                fs_ParmGetSelectedItem
                0x00004800                fs_RemoveRightPadding
                0x00004844                fs_ParmExtractListContents
                0x0000499c                fs_PutDldParameter
                0x00004a94                fs_RemoveLeftPadding
                0x00004af4                fs_ParmSetup
                0x00004bf8                fs_ReadOneLine
                0x00004cb4                OpenFlashFile
                0x00004dd4                fs_ExtractParametersFromFile
                0x00004f38                OpenRamFile
                0x00005154                fs_DisplayParmsError
                0x00005210                fs_ParmLoadFromStore
                0x000052c4                fs_ParmSaveToStore
                0x00005390                fs_ParmEdit
                0x00005914                fs_ParmInit
 .text          0x0000597c     0x1194 Obj/GNU_ARM_DEBUG/UI.o
                0x0000597c                fs_UIInit
                0x000059c4                fs_UISetPromptRow
                0x000059fc                fs_UISetEntryRow
                0x00005a28                fs_UIResetParameters
                0x00005a70                fs_UINumberOfOccurences
                0x00005aac                fs_UIGetChar
                0x00005b0c                fs_UIBeepNavigateError
                0x00005b58                fs_UIBuzzerPrompt
                0x00005ba4                fs_UIDisplayErrorScreen
                0x00005c30                fs_UIDisplayErrorPrompts
                0x00005cb0                fs_UIDisplaySuccessPrompts
                0x00005d30                fs_UIDisplayCommPrompt
                0x00005d64                LOG_PRINTF
                0x00005ef4                fs_UIFormatDataWithPattern
                0x0000600c                fs_UIGetCustomInput
                0x00006154                fs_UIGetCustomAmountEntry
                0x00006430                ShowEntry
                0x000065b4                test_Alphanumerical_Entry
                0x0000663c                fs_UIGetInput
                0x00006ad0                fs_UIClearNonTitlePrompts
 .text          0x00006b10      0x7f4 Obj/GNU_ARM_DEBUG/Printer.o
                0x00006b10                fs_PrinterIsOutputPending
                0x00006b38                fs_PrinterSetBold
                0x00006b6c                fs_PrinterSetCondensed
                0x00006b9c                fs_PrinterSetInverse
                0x00006bcc                fs_PrinterSetDoubleHigh
                0x00006bfc                fs_PrinterSetDoubleWide
                0x00006c30                fs_PrinterSetJustification
                0x00006c64                fs_PrinterLineFeed
                0x00006c9c                fs_PrinterFormFeed
                0x00006cc8                fs_PrinterResetAttributes
                0x00006cfc                fs_PrinterLRAppendLineLRBold
                0x00006e6c                fs_PrinterLRAppendLineLR
                0x00006ff4                fs_PrinterAppendLine
                0x00007184                fs_PrinterGetLastError
                0x00007254                fs_PrinterClose
                0x00007290                fs_PrinterInit
 .text          0x00007304     0x1758 Obj/GNU_ARM_DEBUG/Iso8583.o
                0x00007304                strpad
                0x0000734c                strtrim
                0x00007390                bcd2str
                0x000073f8                bcd_to_str
                0x00007420                bcd2_to_str
                0x0000746c                bcd3_to_str
                0x000074d0                map_set
                0x00007540                map_test
                0x0000757c                map_unset
                0x000075d0                bin_to_hex
                0x00007630                ascii2ebcdic
                0x00007674                ebcdic2ascii
                0x000076b8                all_are_digits
                0x000076f0                str2hex
                0x00007750                isomsg_init
                0x00007784                isomsg_pack
                0x000077f8                WriteMaskLog
                0x00007828                WriteLogFile
                0x00007858                dumpbuf
                0x00007884                isomsg_free
                0x000078c0                hex_to_bin
                0x00007958                map_clear
                0x0000798c                str2bcd
                0x00007a00                isomsg_set
                0x00007a50                isomsg_unpack
                0x00007b80                IFB_BINARY
                0x00007bac                IFC_BITMAP
                0x00007c64                IFB_BITMAP
                0x00007ce8                isomsg_dump
                0x00007d90                str_to_bcd3
                0x00007e04                IFB_LLLNUM
                0x00007e60                str_to_bcd2_ebcdic
                0x00007ecc                IFEB_LLNUM
                0x00007f1c                str_to_bcd2
                0x00007f78                IFB_LLNUM
                0x00007fc8                str_to_bcd
                0x00008000                zeropad
                0x0000807c                IFB_AMOUNT
                0x000080f0                IFB_NUMERIC
                0x00008144                str_to_bv3_ebcdic
                0x000081b8                str_to_bv3
                0x00008224                str_to_av3
                0x00008294                str_to_bv2
                0x000082ec                str_to_av2
                0x00008344                strltrim
                0x00008384                strlwr
                0x000083c0                strnncpy
                0x000083f0                IF_CHAR1
                0x00008444                IFE_LLLCHAR
                0x000084d8                IFB_LLLCHAR
                0x0000853c                IFB_LLCHAR
                0x00008594                IFA_LLLCHAR
                0x000085f8                IFA_LLCHAR
                0x00008654                IFA_LLNUM
                0x000086b0                IFA_NUMERIC
                0x000086e8                IFE_CHAR
                0x0000879c                IF_CHAR
                0x000087f4                strtoll
                0x00008844                atoni
                0x00008884                bv3_to_str
                0x000088f0                bv2_to_str
                0x00008944                av3_to_str
                0x000089b4                av2_to_str
                0x00008a14                strltrim2
 .text          0x00008a5c      0x6a0 Obj/GNU_ARM_DEBUG/Utils.o
                0x00008a5c                isValuePresentInList
                0x00008a98                fs_GetDayOfYear
                0x00008b80                fs_ConvertTODStringToInts
                0x00008d10                fs_GetNextDateTime
                0x00008de4                fs_ClockGetString
                0x00008e98                fs_GetTimeDifference
                0x00008fc8                fs_CheckTimeElapsed
                0x000090c4                fs_UtilTimerSleep
 .text          0x000090fc       0x98 Obj/GNU_ARM_DEBUG/Sale.o
                0x000090fc                doSale
 .text          0x00009194      0x1b4 Obj/GNU_ARM_DEBUG/Common.o
                0x00009194                appendDataToCommonBuffer
                0x000091fc                readDataFromCommonBuffer
                0x0000925c                popDataFromCommonBuffer
                0x000092e0                clearCommonDataBuffer
                0x00009314                clearCommonDataAll
 .text          0x00009348        0x0 Obj/GNU_ARM_DEBUG/Card.o
 .text          0x00009348        0x0 Obj/GNU_ARM_DEBUG/cstartup.o
 .text          0x00009348       0x20 Obj/GNU_ARM_DEBUG/__ing_cguard.o
                0x00009348                __stack_chk_fail
 *fill*         0x00009368        0x8 00
 .text          0x00009370       0x70 Obj/GNU_ARM_DEBUG/__ing_getRand_dateXORSerial.o
                0x00009370                __stack_get_rand
 .text          0x000093e0      0x1e4 E:/Program Files/SDK30/SDK 9.4.1/SDK/lib_gnu_434/eft30.lib(ctype.o)
                0x000093e0                isupper
                0x0000940c                islower
                0x00009438                isalpha
                0x00009464                isdigit
                0x00009490                isxdigit
                0x000094bc                isspace
                0x000094e8                ispunct
                0x00009514                isalnum
                0x00009540                isgraph
                0x0000956c                isprint
                0x00009598                iscntrl
 .text          0x000095c4       0x94 E:/Program Files/SDK30/SDK 9.4.1/SDK/lib_gnu_434/eft30.lib(atoi.o)
                0x000095c4                atol
                0x00009630                atoi
 .text          0x00009658      0x310 E:/Program Files/SDK30/SDK 9.4.1/SDK/lib_gnu_434/eft30.lib(atof.o)
                0x00009908                atof
                0x00009934                strtod
 .text          0x00009968       0x64 E:/Program Files/SDK30/SDK 9.4.1/SDK/lib_gnu_434/eft30.lib(extens119.o)
                0x00009968                StateHeader
 .text          0x000099cc       0x70 E:/Program Files/SDK30/SDK 9.4.1/SDK/lib_gnu_434/eft30.lib(saisie18.o)
                0x000099cc                G_Saisie_Etendue
 .text          0x00009a3c       0x6c E:/Program Files/SDK30/SDK 9.4.1/SDK/lib_gnu_434/eft30.lib(saisie2.o)
                0x00009a3c                Saisie_Alphanumerique
 .text          0x00009aa8       0x70 E:/Program Files/SDK30/SDK 9.4.1/SDK/lib_gnu_434/eft30.lib(saisie6.o)
                0x00009aa8                Read_Saisie
 .text          0x00009b18       0x70 E:/Program Files/SDK30/SDK 9.4.1/SDK/lib_gnu_434/eft30.lib(saisie7.o)
                0x00009b18                G_Saisie_Numerique
 .text          0x00009b88       0x70 E:/Program Files/SDK30/SDK 9.4.1/SDK/lib_gnu_434/eft30.lib(saisie8.o)
                0x00009b88                G_Saisie_Alphanumerique
 .text          0x00009bf8       0x6c E:/Program Files/SDK30/SDK 9.4.1/SDK/lib_gnu_434/eft30.lib(saisie9.o)
                0x00009bf8                G_Saisie_Liste
 .text          0x00009c64       0x70 E:/Program Files/SDK30/SDK 9.4.1/SDK/lib_gnu_434/eft30.lib(sv24.o)
                0x00009c64                SV_read_date
 .text          0x00009cd4       0xcc E:/Program Files/SDK30/SDK 9.4.1/SDK/lib_gnu_434/eft30.lib(libgr1.o)
                0x00009cd4                _PaintGraphics
                0x00009d38                PaintGraphics
 .text          0x00009da0       0x68 E:/Program Files/SDK30/SDK 9.4.1/SDK/lib_gnu_434/eft30.lib(libgr110.o)
                0x00009da0                clrscr
 .text          0x00009e08       0x70 E:/Program Files/SDK30/SDK 9.4.1/SDK/lib_gnu_434/eft30.lib(libgr2.o)
                0x00009e08                StringWidth
 .text          0x00009e78       0x7c E:/Program Files/SDK30/SDK 9.4.1/SDK/lib_gnu_434/eft30.lib(libgr23.o)
                0x00009e78                _DrawString
 .text          0x00009ef4       0x7c E:/Program Files/SDK30/SDK 9.4.1/SDK/lib_gnu_434/eft30.lib(libgr24.o)
                0x00009ef4                DrawString
 .text          0x00009f70      0x100 E:/Program Files/SDK30/SDK 9.4.1/SDK/lib_gnu_434/eft30.lib(libgr26.o)
                0x00009f70                DrawWindowFont
                0x00009ff0                DrawWindow
 .text          0x0000a070       0x7c E:/Program Files/SDK30/SDK 9.4.1/SDK/lib_gnu_434/eft30.lib(libgr28.o)
                0x0000a070                SetArea
 .text          0x0000a0ec       0x6c E:/Program Files/SDK30/SDK 9.4.1/SDK/lib_gnu_434/eft30.lib(libgr3.o)
                0x0000a0ec                SetFont
 .text          0x0000a158       0x70 E:/Program Files/SDK30/SDK 9.4.1/SDK/lib_gnu_434/eft30.lib(libgr33.o)
                0x0000a158                GetScreenSize
 .text          0x0000a1c8       0x68 E:/Program Files/SDK30/SDK 9.4.1/SDK/lib_gnu_434/eft30.lib(libgr35.o)
                0x0000a1c8                _clrscr
 .text          0x0000a230       0x6c E:/Program Files/SDK30/SDK 9.4.1/SDK/lib_gnu_434/eft30.lib(libgr37.o)
                0x0000a230                GetPoliceSize
 .text          0x0000a29c       0x6c E:/Program Files/SDK30/SDK 9.4.1/SDK/lib_gnu_434/eft30.lib(libgr48.o)
                0x0000a29c                SetDefaultFont
 .text          0x0000a308       0x68 E:/Program Files/SDK30/SDK 9.4.1/SDK/lib_gnu_434/eft30.lib(libgr49.o)
                0x0000a308                GetDefaultFont
 .text          0x0000a370       0x6c E:/Program Files/SDK30/SDK 9.4.1/SDK/lib_gnu_434/eft30.lib(libgr5.o)
                0x0000a370                SetType
 .text          0x0000a3dc       0x6c E:/Program Files/SDK30/SDK 9.4.1/SDK/lib_gnu_434/eft30.lib(libgr6.o)
                0x0000a3dc                GetType
 .text          0x0000a448       0x6c E:/Program Files/SDK30/SDK 9.4.1/SDK/lib_gnu_434/eft30.lib(libgr7.o)
                0x0000a448                CreateGraphics
 .text          0x0000a4b4      0x300 E:/Program Files/SDK30/SDK 9.4.1/SDK/lib_gnu_434/eft30.lib(LibAppli.o)
                0x0000a4b4                InitVar_vide
                0x0000a4d4                TrapResetDiv0
                0x0000a500                OEM_exit_asm
                0x0000a528                InitGK
                0x0000a55c                putchar
                0x0000a58c                __stdprt
                0x0000a5bc                format
                0x0000a5f0                printf
                0x0000a628                WaitOnError
                0x0000a694                puts
                0x0000a6c4                vprintf
                0x0000a6f8                fprintf
                0x0000a72c                pprintf
                0x0000a780                sprintf
 .text          0x0000a7b4       0x98 E:/Program Files/SDK30/SDK 9.4.1/SDK/lib_gnu_434/eft30.lib(extens.o)
                0x0000a7b4                extenslib_close
                0x0000a7e0                extenslib_open
 .text          0x0000a84c       0x98 E:/Program Files/SDK30/SDK 9.4.1/SDK/lib_gnu_434/eft30.lib(saisie.o)
                0x0000a84c                saisielib_close
                0x0000a878                saisielib_open
 .text          0x0000a8e4       0x98 E:/Program Files/SDK30/SDK 9.4.1/SDK/lib_gnu_434/eft30.lib(sv.o)
                0x0000a8e4                svlib_close
                0x0000a910                svlib_open
 .text          0x0000a97c       0x98 E:/Program Files/SDK30/SDK 9.4.1/SDK/lib_gnu_434/eft30.lib(libgr.o)
                0x0000a97c                libgrlib_close
                0x0000a9a8                libgrlib_open
 .text          0x0000aa14       0x10 E:/Program Files/SDK30/SDK 9.4.1/SDK/lib_gnu_434/trap.lib(trap_1302___STDOUT.o)
                0x0000aa14                __STDOUT
 .text          0x0000aa24       0x10 E:/Program Files/SDK30/SDK 9.4.1/SDK/lib_gnu_434/trap.lib(trap_1313_fclose.o)
                0x0000aa24                fclose
 .text          0x0000aa34       0x10 E:/Program Files/SDK30/SDK 9.4.1/SDK/lib_gnu_434/trap.lib(trap_1314_fopen.o)
                0x0000aa34                fopen
 .text          0x0000aa44       0x10 E:/Program Files/SDK30/SDK 9.4.1/SDK/lib_gnu_434/trap.lib(trap_1319_getc.o)
                0x0000aa44                getc
 .text          0x0000aa54       0x10 E:/Program Files/SDK30/SDK 9.4.1/SDK/lib_gnu_434/trap.lib(trap_131B___STDIN.o)
                0x0000aa54                __STDIN
 .text          0x0000aa64       0x10 E:/Program Files/SDK30/SDK 9.4.1/SDK/lib_gnu_434/trap.lib(trap_1323__vfprintf.o)
                0x0000aa64                _vfprintf
 .text          0x0000aa74       0x10 E:/Program Files/SDK30/SDK 9.4.1/SDK/lib_gnu_434/trap.lib(trap_1324_vsprintf.o)
                0x0000aa74                vsprintf
 .text          0x0000aa84       0x10 E:/Program Files/SDK30/SDK 9.4.1/SDK/lib_gnu_434/trap.lib(trap_1327_fputs.o)
                0x0000aa84                fputs
 .text          0x0000aa94       0x10 E:/Program Files/SDK30/SDK 9.4.1/SDK/lib_gnu_434/trap.lib(trap_1328_putc.o)
                0x0000aa94                putc
 .text          0x0000aaa4       0x10 E:/Program Files/SDK30/SDK 9.4.1/SDK/lib_gnu_434/trap.lib(trap_1329_ttestall.o)
                0x0000aaa4                ttestall
 .text          0x0000aab4       0x10 E:/Program Files/SDK30/SDK 9.4.1/SDK/lib_gnu_434/trap.lib(trap_132C_FormatOem.o)
                0x0000aab4                FormatOem
 .text          0x0000aac4       0x10 E:/Program Files/SDK30/SDK 9.4.1/SDK/lib_gnu_434/trap.lib(trap_1348_ObjectGetInfo.o)
                0x0000aac4                ObjectGetInfo
 .text          0x0000aad4       0x10 E:/Program Files/SDK30/SDK 9.4.1/SDK/lib_gnu_434/trap.lib(trap_1349_ObjectLoad.o)
                0x0000aad4                ObjectLoad
 .text          0x0000aae4       0x10 E:/Program Files/SDK30/SDK 9.4.1/SDK/lib_gnu_434/trap.lib(trap_134D_ServiceRegister.o)
                0x0000aae4                ServiceRegister
 .text          0x0000aaf4       0x10 E:/Program Files/SDK30/SDK 9.4.1/SDK/lib_gnu_434/trap.lib(trap_1350_DllLink.o)
                0x0000aaf4                DllLink
 .text          0x0000ab04       0x10 E:/Program Files/SDK30/SDK 9.4.1/SDK/lib_gnu_434/trap.lib(trap_1352_DllUnlink.o)
                0x0000ab04                DllUnlink
 .text          0x0000ab14       0x10 E:/Program Files/SDK30/SDK 9.4.1/SDK/lib_gnu_434/trap.lib(trap_1356_stdperif.o)
                0x0000ab14                stdperif
 .text          0x0000ab24       0x10 E:/Program Files/SDK30/SDK 9.4.1/SDK/lib_gnu_434/trap.lib(trap_1375_download.o)
                0x0000ab24                download
 .text          0x0000ab34       0x10 E:/Program Files/SDK30/SDK 9.4.1/SDK/lib_gnu_434/trap.lib(trap_1378_OEM_exit.o)
                0x0000ab34                OEM_exit
 .text          0x0000ab44       0x10 E:/Program Files/SDK30/SDK 9.4.1/SDK/lib_gnu_434/trap.lib(trap_1386_upload_diagnostic_txt.o)
                0x0000ab44                upload_diagnostic_txt
 .text          0x0000ab54       0x10 E:/Program Files/SDK30/SDK 9.4.1/SDK/lib_gnu_434/trap.lib(trap_138B_FS_dskcreate.o)
                0x0000ab54                FS_dskcreate
 .text          0x0000ab64       0x10 E:/Program Files/SDK30/SDK 9.4.1/SDK/lib_gnu_434/trap.lib(trap_138D_FS_mount.o)
                0x0000ab64                FS_mount
 .text          0x0000ab74       0x10 E:/Program Files/SDK30/SDK 9.4.1/SDK/lib_gnu_434/trap.lib(trap_1399_FS_unlink.o)
                0x0000ab74                FS_unlink
 .text          0x0000ab84       0x10 E:/Program Files/SDK30/SDK 9.4.1/SDK/lib_gnu_434/trap.lib(trap_139A_FS_exist.o)
                0x0000ab84                FS_exist
 .text          0x0000ab94       0x10 E:/Program Files/SDK30/SDK 9.4.1/SDK/lib_gnu_434/trap.lib(trap_139B_FS_open.o)
                0x0000ab94                FS_open
 .text          0x0000aba4       0x10 E:/Program Files/SDK30/SDK 9.4.1/SDK/lib_gnu_434/trap.lib(trap_139C_FS_close.o)
                0x0000aba4                FS_close
 .text          0x0000abb4       0x10 E:/Program Files/SDK30/SDK 9.4.1/SDK/lib_gnu_434/trap.lib(trap_139D_FS_read.o)
                0x0000abb4                FS_read
 .text          0x0000abc4       0x10 E:/Program Files/SDK30/SDK 9.4.1/SDK/lib_gnu_434/trap.lib(trap_139E_FS_write.o)
                0x0000abc4                FS_write
 .text          0x0000abd4       0x10 E:/Program Files/SDK30/SDK 9.4.1/SDK/lib_gnu_434/trap.lib(trap_139F_FS_flush.o)
                0x0000abd4                FS_flush
 .text          0x0000abe4       0x10 E:/Program Files/SDK30/SDK 9.4.1/SDK/lib_gnu_434/trap.lib(trap_13A1_FS_length.o)
                0x0000abe4                FS_length
 .text          0x0000abf4       0x10 E:/Program Files/SDK30/SDK 9.4.1/SDK/lib_gnu_434/trap.lib(trap_13A2_FS_seek.o)
                0x0000abf4                FS_seek
 .text          0x0000ac04       0x10 E:/Program Files/SDK30/SDK 9.4.1/SDK/lib_gnu_434/trap.lib(trap_13AB_first_init.o)
                0x0000ac04                first_init
 .text          0x0000ac14       0x10 E:/Program Files/SDK30/SDK 9.4.1/SDK/lib_gnu_434/trap.lib(trap_13AD_raz_init.o)
                0x0000ac14                raz_init
 .text          0x0000ac24       0x10 E:/Program Files/SDK30/SDK 9.4.1/SDK/lib_gnu_434/trap.lib(trap_13B2_ApplicationGetCurrent.o)
                0x0000ac24                ApplicationGetCurrent
 .text          0x0000ac34       0x10 E:/Program Files/SDK30/SDK 9.4.1/SDK/lib_gnu_434/trap.lib(trap_13B9_buzzer.o)
                0x0000ac34                buzzer
 .text          0x0000ac44       0x10 E:/Program Files/SDK30/SDK 9.4.1/SDK/lib_gnu_434/trap.lib(trap_13C1_trace.o)
                0x0000ac44                trace
 .text          0x0000ac54       0x10 E:/Program Files/SDK30/SDK 9.4.1/SDK/lib_gnu_434/trap.lib(trap_13C2_InitGkDrv.o)
                0x0000ac54                InitGkDrv
 .text          0x0000ac64       0x10 E:/Program Files/SDK30/SDK 9.4.1/SDK/lib_gnu_434/trap.lib(trap_1406_umalloc.o)
                0x0000ac64                umalloc
 .text          0x0000ac74       0x10 E:/Program Files/SDK30/SDK 9.4.1/SDK/lib_gnu_434/trap.lib(trap_1407_ufree.o)
                0x0000ac74                ufree
 .text          0x0000ac84       0x10 E:/Program Files/SDK30/SDK 9.4.1/SDK/lib_gnu_434/trap.lib(trap_1432_SystemFioctl.o)
                0x0000ac84                SystemFioctl
 .text          0x0000ac94      0x3e4 E:/Program Files/SDK30/SDK 9.4.1/SDK/lib_gnu_434/AVL.lib(Proxy.o)
                0x0000ac94                TlvTree_Copy
                0x0000acbc                TlvTree_SetTag
                0x0000ace4                TlvTree_SetDataInteger
                0x0000ad1c                TlvTree_SetData
                0x0000ad44                TlvTree_SetDataString
                0x0000ad7c                TlvTree_GetData
                0x0000ada4                TlvTree_GetLength
                0x0000adcc                TlvTree_GetTag
                0x0000adf4                TlvTree_GetNext
                0x0000ae1c                TlvTree_GetParent
                0x0000ae44                TlvTree_GetFirstChild
                0x0000ae6c                TlvTree_Iterate
                0x0000ae9c                TlvTree_Find
                0x0000aec4                TlvTree_Unserialize
                0x0000aeec                TlvTree_GetSerializationSize
                0x0000af14                TlvTree_Serialize
                0x0000af3c                TlvTree_Release
                0x0000af64                TlvTree_RemoveChild
                0x0000af8c                TlvTree_Graft
                0x0000afb4                TlvTree_AddChildString
                0x0000aff0                TlvTree_AddChildInteger
                0x0000b028                TlvTree_AddChild
                0x0000b050                TlvTree_New
 .text          0x0000b078       0xec E:/Program Files/SDK30/SDK 9.4.1/SDK/lib_gnu_434/AVL.lib(Serializer.o)
                0x0000b078                __TlvTree_GetSerializationSize
                0x0000b0b4                __TlvTree_Unserialize
                0x0000b11c                __TlvTree_Serialize
 .text          0x0000b164      0x38c E:/Program Files/SDK30/SDK 9.4.1/SDK/lib_gnu_434/AVL.lib(Serializer_Default.o)
                0x0000b244                __TlvTree_Unserialize_Default
                0x0000b36c                __TlvTree_GetSerializationSize_Default
                0x0000b3c8                __TlvTree_Serialize_Default
 .text          0x0000b4f0      0x8bc E:/Program Files/SDK30/SDK 9.4.1/SDK/lib_gnu_434/AVL.lib(Serializer_Xml.o)
                0x0000b57c                __TlvTree_Unserialize_Xml
                0x0000b9f8                __TlvTree_GetSerializationSize_Xml
                0x0000ba9c                __TlvTree_Serialize_Xml
 .text          0x0000bdac      0x1d8 E:/Program Files/SDK30/SDK 9.4.1/SDK/lib_gnu_434/AVL.lib(XMLs_ProcessData.o)
                0x0000bdac                XMLs_ProcessData
 .text          0x0000bf84      0x190 E:/Program Files/SDK30/SDK 9.4.1/SDK/lib_gnu_434/AVL.lib(XMLs_Common.o)
                0x0000bf84                XMLs_CheckHandle
                0x0000bfb8                XMLs_Abort
                0x0000c000                XMLs_GetParsingState
                0x0000c05c                XMLs_SetUserData
                0x0000c0a4                XMLs_GetUserData
                0x0000c0e8                XMLstr_Set
 .text          0x0000c114      0x110 E:/Program Files/SDK30/SDK 9.4.1/SDK/lib_gnu_434/AVL.lib(XMLs_Deprecated.o)
                0x0000c114                XMLs_Parse
                0x0000c190                XMLs_ParserClose
                0x0000c1d8                XMLs_ParserOpen
 .text          0x0000c224      0x684 E:/Program Files/SDK30/SDK 9.4.1/SDK/lib_gnu_434/AVL.lib(XMLs_Parser_Deprecated.o)
                0x0000c3a4                XMLgr_Document_Deprecated
 .text          0x0000c8a8      0x510 E:/Program Files/SDK30/SDK 9.4.1/SDK/lib_gnu_434/AVL.lib(Internal.o)
                0x0000c8a8                __TlvTree_SetTag
                0x0000c8cc                __TlvTree_Graft
                0x0000c930                __TlvTree_GetFirstChild
                0x0000c954                __TlvTree_GetParent
                0x0000c978                __TlvTree_GetNext
                0x0000c99c                __TlvTree_GetTag
                0x0000c9c0                __TlvTree_GetLength
                0x0000c9f0                __TlvTree_GetData
                0x0000ca14                __TlvTree_RemoveChild
                0x0000ca78                __TlvTree_GetNextNode
                0x0000cb10                __TlvTree_Find
                0x0000cb6c                __TlvTree_DeleteNode
                0x0000cbb4                __TlvTree_Release
                0x0000cc04                __TlvTree_NewNode
                0x0000cc48                __TlvTree_New
                0x0000cc74                __TlvTree_SetData
                0x0000cce4                __TlvTree_AddChild
                0x0000cd34                __TlvTree_Copy
 .text          0x0000cdb8      0x78c E:/Program Files/SDK30/SDK 9.4.1/SDK/lib_gnu_434/LinkLayerExeInterface.lib(LinkLayerServices.o)
                0x0000cdb8                LL_GSM_Stop
                0x0000cdf8                LL_GPRS_Stop
                0x0000ce38                LL_Network_GetStatus
                0x0000ce88                LL_WaitEvent
                0x0000ced0                LL_GetStatus
                0x0000cf14                LL_GetLastError
                0x0000cf58                LL_ClearReceiveBuffer
                0x0000cf9c                LL_ClearSendBuffer
                0x0000cfe0                LL_Disconnect
                0x0000d024                LL_Connect
                0x0000d068                LL_GetHandle
                0x0000d0e0                LL_GSM_Start
                0x0000d154                LL_GPRS_Connect
                0x0000d1ec                LL_GPRS_Start
                0x0000d27c                LL_Receive
                0x0000d320                LL_Send
                0x0000d3bc                LL_GetInfo
                0x0000d468                LL_Configure
 .text          0x0000d544       0xc0 E:/Program Files/SDK30/SDK 9.4.1/SDK/lib_gnu_434/libcpatch.o
                0x0000d544                _calloc_r
                0x0000d594                _free_r
                0x0000d5b0                _malloc_r
                0x0000d5d8                _realloc_r
 .text          0x0000d604      0x104 E:/Program Files/SDK30/SDK 9.4.1/SDK/lib_gnu_434/eft30.lib(extens87.o)
                0x0000d604                USQ_ServiceCall
                0x0000d684                USR_ServiceCall
 .text          0x0000d708       0x10 E:/Program Files/SDK30/SDK 9.4.1/SDK/lib_gnu_434/trap.lib(trap_142A_urealloc.o)
                0x0000d708                urealloc
 .text          0x0000d718       0x20 E:/Program Files/Ingenico/IngeDev_7/plugins/com.ingenico.ingedev.telium.bin.win32.gnuarm.v434_7.14.0.0/os/win32/GNUARM/4.3.4/arm-elf/lib/thumb/soft/interwork/libc.a(lib_a-atoll.o)
                0x0000d718                _atoll_r
                0x0000d728                atoll
 .text          0x0000d738        0xc E:/Program Files/Ingenico/IngeDev_7/plugins/com.ingenico.ingedev.telium.bin.win32.gnuarm.v434_7.14.0.0/os/win32/GNUARM/4.3.4/arm-elf/lib/thumb/soft/interwork/libc.a(lib_a-difftime.o)
                0x0000d738                difftime
 .text          0x0000d744        0xc E:/Program Files/Ingenico/IngeDev_7/plugins/com.ingenico.ingedev.telium.bin.win32.gnuarm.v434_7.14.0.0/os/win32/GNUARM/4.3.4/arm-elf/lib/thumb/soft/interwork/libc.a(lib_a-errno.o)
                0x0000d744                __errno
 .text          0x0000d750       0x14 E:/Program Files/Ingenico/IngeDev_7/plugins/com.ingenico.ingedev.telium.bin.win32.gnuarm.v434_7.14.0.0/os/win32/GNUARM/4.3.4/arm-elf/lib/thumb/soft/interwork/libc.a(lib_a-gmtime.o)
                0x0000d750                gmtime
 .text          0x0000d764        0xc E:/Program Files/Ingenico/IngeDev_7/plugins/com.ingenico.ingedev.telium.bin.win32.gnuarm.v434_7.14.0.0/os/win32/GNUARM/4.3.4/arm-elf/lib/thumb/soft/interwork/libc.a(lib_a-gmtime_r.o)
                0x0000d764                gmtime_r
 .text          0x0000d770        0x0 E:/Program Files/Ingenico/IngeDev_7/plugins/com.ingenico.ingedev.telium.bin.win32.gnuarm.v434_7.14.0.0/os/win32/GNUARM/4.3.4/arm-elf/lib/thumb/soft/interwork/libc.a(lib_a-impure.o)
 .text          0x0000d770       0x28 E:/Program Files/Ingenico/IngeDev_7/plugins/com.ingenico.ingedev.telium.bin.win32.gnuarm.v434_7.14.0.0/os/win32/GNUARM/4.3.4/arm-elf/lib/thumb/soft/interwork/libc.a(lib_a-malloc.o)
                0x0000d770                free
                0x0000d784                malloc
 .text          0x0000d798       0x28 E:/Program Files/Ingenico/IngeDev_7/plugins/com.ingenico.ingedev.telium.bin.win32.gnuarm.v434_7.14.0.0/os/win32/GNUARM/4.3.4/arm-elf/lib/thumb/soft/interwork/libc.a(lib_a-memcmp.o)
                0x0000d798                memcmp
 .text          0x0000d7c0       0x1c E:/Program Files/Ingenico/IngeDev_7/plugins/com.ingenico.ingedev.telium.bin.win32.gnuarm.v434_7.14.0.0/os/win32/GNUARM/4.3.4/arm-elf/lib/thumb/soft/interwork/libc.a(lib_a-memcpy.o)
                0x0000d7c0                memcpy
 .text          0x0000d7dc       0x3c E:/Program Files/Ingenico/IngeDev_7/plugins/com.ingenico.ingedev.telium.bin.win32.gnuarm.v434_7.14.0.0/os/win32/GNUARM/4.3.4/arm-elf/lib/thumb/soft/interwork/libc.a(lib_a-memmove.o)
                0x0000d7dc                memmove
 .text          0x0000d818       0x10 E:/Program Files/Ingenico/IngeDev_7/plugins/com.ingenico.ingedev.telium.bin.win32.gnuarm.v434_7.14.0.0/os/win32/GNUARM/4.3.4/arm-elf/lib/thumb/soft/interwork/libc.a(lib_a-memset.o)
                0x0000d818                memset
 .text          0x0000d828      0x3cc E:/Program Files/Ingenico/IngeDev_7/plugins/com.ingenico.ingedev.telium.bin.win32.gnuarm.v434_7.14.0.0/os/win32/GNUARM/4.3.4/arm-elf/lib/thumb/soft/interwork/libc.a(lib_a-mktime.o)
                0x0000d9d4                mktime
 .text          0x0000dbf4      0x470 E:/Program Files/Ingenico/IngeDev_7/plugins/com.ingenico.ingedev.telium.bin.win32.gnuarm.v434_7.14.0.0/os/win32/GNUARM/4.3.4/arm-elf/lib/thumb/soft/interwork/libc.a(lib_a-mktm_r.o)
                0x0000dbf4                __tzcalc_limits
                0x0000dd64                _mktm_r
 .text          0x0000e064       0x4c E:/Program Files/Ingenico/IngeDev_7/plugins/com.ingenico.ingedev.telium.bin.win32.gnuarm.v434_7.14.0.0/os/win32/GNUARM/4.3.4/arm-elf/lib/thumb/soft/interwork/libc.a(lib_a-strcasecmp.o)
                0x0000e064                strcasecmp
 .text          0x0000e0b0       0x84 E:/Program Files/Ingenico/IngeDev_7/plugins/com.ingenico.ingedev.telium.bin.win32.gnuarm.v434_7.14.0.0/os/win32/GNUARM/4.3.4/arm-elf/lib/thumb/soft/interwork/libc.a(lib_a-strcasestr.o)
                0x0000e0b0                strcasestr
 .text          0x0000e134       0x24 E:/Program Files/Ingenico/IngeDev_7/plugins/com.ingenico.ingedev.telium.bin.win32.gnuarm.v434_7.14.0.0/os/win32/GNUARM/4.3.4/arm-elf/lib/thumb/soft/interwork/libc.a(lib_a-strcat.o)
                0x0000e134                strcat
 .text          0x0000e158       0x1c E:/Program Files/Ingenico/IngeDev_7/plugins/com.ingenico.ingedev.telium.bin.win32.gnuarm.v434_7.14.0.0/os/win32/GNUARM/4.3.4/arm-elf/lib/thumb/soft/interwork/libc.a(lib_a-strchr.o)
                0x0000e158                strchr
 .text          0x0000e174       0x14 E:/Program Files/Ingenico/IngeDev_7/plugins/com.ingenico.ingedev.telium.bin.win32.gnuarm.v434_7.14.0.0/os/win32/GNUARM/4.3.4/arm-elf/lib/thumb/soft/interwork/libc.a(lib_a-strcmp.o)
                0x0000e174                strcmp
 .text          0x0000e188       0x10 E:/Program Files/Ingenico/IngeDev_7/plugins/com.ingenico.ingedev.telium.bin.win32.gnuarm.v434_7.14.0.0/os/win32/GNUARM/4.3.4/arm-elf/lib/thumb/soft/interwork/libc.a(lib_a-strcpy.o)
                0x0000e188                strcpy
 .text          0x0000e198       0x10 E:/Program Files/Ingenico/IngeDev_7/plugins/com.ingenico.ingedev.telium.bin.win32.gnuarm.v434_7.14.0.0/os/win32/GNUARM/4.3.4/arm-elf/lib/thumb/soft/interwork/libc.a(lib_a-strlen.o)
                0x0000e198                strlen
 .text          0x0000e1a8       0x64 E:/Program Files/Ingenico/IngeDev_7/plugins/com.ingenico.ingedev.telium.bin.win32.gnuarm.v434_7.14.0.0/os/win32/GNUARM/4.3.4/arm-elf/lib/thumb/soft/interwork/libc.a(lib_a-strncasecmp.o)
                0x0000e1a8                strncasecmp
 .text          0x0000e20c       0x38 E:/Program Files/Ingenico/IngeDev_7/plugins/com.ingenico.ingedev.telium.bin.win32.gnuarm.v434_7.14.0.0/os/win32/GNUARM/4.3.4/arm-elf/lib/thumb/soft/interwork/libc.a(lib_a-strncat.o)
                0x0000e20c                strncat
 .text          0x0000e244       0x34 E:/Program Files/Ingenico/IngeDev_7/plugins/com.ingenico.ingedev.telium.bin.win32.gnuarm.v434_7.14.0.0/os/win32/GNUARM/4.3.4/arm-elf/lib/thumb/soft/interwork/libc.a(lib_a-strncpy.o)
                0x0000e244                strncpy
 .text          0x0000e278       0x34 E:/Program Files/Ingenico/IngeDev_7/plugins/com.ingenico.ingedev.telium.bin.win32.gnuarm.v434_7.14.0.0/os/win32/GNUARM/4.3.4/arm-elf/lib/thumb/soft/interwork/libc.a(lib_a-strstr.o)
                0x0000e278                strstr
 .text          0x0000e2ac      0x154 E:/Program Files/Ingenico/IngeDev_7/plugins/com.ingenico.ingedev.telium.bin.win32.gnuarm.v434_7.14.0.0/os/win32/GNUARM/4.3.4/arm-elf/lib/thumb/soft/interwork/libc.a(lib_a-strtol.o)
                0x0000e2ac                _strtol_r
                0x0000e3e0                strtol
 .text          0x0000e400      0x194 E:/Program Files/Ingenico/IngeDev_7/plugins/com.ingenico.ingedev.telium.bin.win32.gnuarm.v434_7.14.0.0/os/win32/GNUARM/4.3.4/arm-elf/lib/thumb/soft/interwork/libc.a(lib_a-strtoll_r.o)
                0x0000e400                _strtoll_r
 .text          0x0000e594      0x128 E:/Program Files/Ingenico/IngeDev_7/plugins/com.ingenico.ingedev.telium.bin.win32.gnuarm.v434_7.14.0.0/os/win32/GNUARM/4.3.4/arm-elf/lib/thumb/soft/interwork/libc.a(lib_a-strtoul.o)
                0x0000e594                _strtoul_r
                0x0000e69c                strtoul
 .text          0x0000e6bc       0x18 E:/Program Files/Ingenico/IngeDev_7/plugins/com.ingenico.ingedev.telium.bin.win32.gnuarm.v434_7.14.0.0/os/win32/GNUARM/4.3.4/arm-elf/lib/thumb/soft/interwork/libc.a(lib_a-tolower.o)
                0x0000e6bc                tolower
 .text          0x0000e6d4       0x18 E:/Program Files/Ingenico/IngeDev_7/plugins/com.ingenico.ingedev.telium.bin.win32.gnuarm.v434_7.14.0.0/os/win32/GNUARM/4.3.4/arm-elf/lib/thumb/soft/interwork/libc.a(lib_a-toupper.o)
                0x0000e6d4                toupper
 .text          0x0000e6ec        0x8 E:/Program Files/Ingenico/IngeDev_7/plugins/com.ingenico.ingedev.telium.bin.win32.gnuarm.v434_7.14.0.0/os/win32/GNUARM/4.3.4/arm-elf/lib/thumb/soft/interwork/libc.a(lib_a-tzlock.o)
                0x0000e6ec                __tz_lock
                0x0000e6f0                __tz_unlock
 .text          0x0000e6f4        0x0 E:/Program Files/Ingenico/IngeDev_7/plugins/com.ingenico.ingedev.telium.bin.win32.gnuarm.v434_7.14.0.0/os/win32/GNUARM/4.3.4/arm-elf/lib/thumb/soft/interwork/libc.a(lib_a-tzvars.o)
 .text          0x0000e6f4        0x0 E:/Program Files/Ingenico/IngeDev_7/plugins/com.ingenico.ingedev.telium.bin.win32.gnuarm.v434_7.14.0.0/os/win32/GNUARM/4.3.4/arm-elf/lib/thumb/soft/interwork/libc.a(lib_a-ctype_.o)
 .text          0x0000e6f4       0x3c E:/Program Files/Ingenico/IngeDev_7/plugins/com.ingenico.ingedev.telium.bin.win32.gnuarm.v434_7.14.0.0/os/win32/GNUARM/4.3.4/arm-elf/lib/thumb/soft/interwork/libc.a(lib_a-div.o)
                0x0000e6f4                div
 .text          0x0000e730        0x8 E:/Program Files/Ingenico/IngeDev_7/plugins/com.ingenico.ingedev.telium.bin.win32.gnuarm.v434_7.14.0.0/os/win32/GNUARM/4.3.4/arm-elf/lib/thumb/soft/interwork/libc.a(lib_a-gettzinfo.o)
                0x0000e730                __gettzinfo
 .text          0x0000e738       0x8c E:/Program Files/Ingenico/IngeDev_7/plugins/com.ingenico.ingedev.telium.bin.win32.gnuarm.v434_7.14.0.0/os/win32/GNUARM/4.3.4/lib/gcc/arm-elf/4.3.4/thumb/soft/interwork/libgcc.a(_udivsi3.o)
                0x0000e738                __udivsi3
                0x0000e738                __aeabi_uidiv
                0x0000e7b4                __aeabi_uidivmod
 .text          0x0000e7c4       0xa4 E:/Program Files/Ingenico/IngeDev_7/plugins/com.ingenico.ingedev.telium.bin.win32.gnuarm.v434_7.14.0.0/os/win32/GNUARM/4.3.4/lib/gcc/arm-elf/4.3.4/thumb/soft/interwork/libgcc.a(_divsi3.o)
                0x0000e7c4                __aeabi_idiv
                0x0000e7c4                __divsi3
                0x0000e858                __aeabi_idivmod
 .text          0x0000e868       0xc8 E:/Program Files/Ingenico/IngeDev_7/plugins/com.ingenico.ingedev.telium.bin.win32.gnuarm.v434_7.14.0.0/os/win32/GNUARM/4.3.4/lib/gcc/arm-elf/4.3.4/thumb/soft/interwork/libgcc.a(_umodsi3.o)
                0x0000e868                __umodsi3
 .text          0x0000e930       0xd8 E:/Program Files/Ingenico/IngeDev_7/plugins/com.ingenico.ingedev.telium.bin.win32.gnuarm.v434_7.14.0.0/os/win32/GNUARM/4.3.4/lib/gcc/arm-elf/4.3.4/thumb/soft/interwork/libgcc.a(_modsi3.o)
                0x0000e930                __modsi3
 .text          0x0000ea08        0x4 E:/Program Files/Ingenico/IngeDev_7/plugins/com.ingenico.ingedev.telium.bin.win32.gnuarm.v434_7.14.0.0/os/win32/GNUARM/4.3.4/lib/gcc/arm-elf/4.3.4/thumb/soft/interwork/libgcc.a(_dvmd_tls.o)
                0x0000ea08                __aeabi_ldiv0
                0x0000ea08                __div0
                0x0000ea08                __aeabi_idiv0
 .text          0x0000ea0c      0x430 E:/Program Files/Ingenico/IngeDev_7/plugins/com.ingenico.ingedev.telium.bin.win32.gnuarm.v434_7.14.0.0/os/win32/GNUARM/4.3.4/lib/gcc/arm-elf/4.3.4/thumb/soft/interwork/libgcc.a(_addsubdf3.o)
                0x0000ea0c                __aeabi_drsub
                0x0000ea14                __subdf3
                0x0000ea14                __aeabi_dsub
                0x0000ea18                __aeabi_dadd
                0x0000ea18                __adddf3
                0x0000ed28                __aeabi_ui2d
                0x0000ed28                __floatunsidf
                0x0000ed50                __floatsidf
                0x0000ed50                __aeabi_i2d
                0x0000ed7c                __extendsfdf2
                0x0000ed7c                __aeabi_f2d
                0x0000edbc                __aeabi_ul2d
                0x0000edbc                __floatundidf
                0x0000edd0                __aeabi_l2d
                0x0000edd0                __floatdidf
 .text          0x0000ee3c      0x49c E:/Program Files/Ingenico/IngeDev_7/plugins/com.ingenico.ingedev.telium.bin.win32.gnuarm.v434_7.14.0.0/os/win32/GNUARM/4.3.4/lib/gcc/arm-elf/4.3.4/thumb/soft/interwork/libgcc.a(_muldivdf3.o)
                0x0000ee3c                __aeabi_dmul
                0x0000ee3c                __muldf3
                0x0000f0cc                __aeabi_ddiv
                0x0000f0cc                __divdf3
 .text          0x0000f2d8      0x140 E:/Program Files/Ingenico/IngeDev_7/plugins/com.ingenico.ingedev.telium.bin.win32.gnuarm.v434_7.14.0.0/os/win32/GNUARM/4.3.4/lib/gcc/arm-elf/4.3.4/thumb/soft/interwork/libgcc.a(_cmpdf2.o)
                0x0000f2d8                __gtdf2
                0x0000f2d8                __gedf2
                0x0000f2e0                __ltdf2
                0x0000f2e0                __ledf2
                0x0000f2e8                __eqdf2
                0x0000f2e8                __nedf2
                0x0000f2e8                __cmpdf2
                0x0000f36c                __aeabi_cdrcmple
                0x0000f388                __aeabi_cdcmple
                0x0000f388                __aeabi_cdcmpeq
                0x0000f3a0                __aeabi_dcmpeq
                0x0000f3b8                __aeabi_dcmplt
                0x0000f3d0                __aeabi_dcmple
                0x0000f3e8                __aeabi_dcmpge
                0x0000f400                __aeabi_dcmpgt
 .text          0x0000f418       0x5c E:/Program Files/Ingenico/IngeDev_7/plugins/com.ingenico.ingedev.telium.bin.win32.gnuarm.v434_7.14.0.0/os/win32/GNUARM/4.3.4/lib/gcc/arm-elf/4.3.4/thumb/soft/interwork/libgcc.a(_fixdfsi.o)
                0x0000f418                __fixdfsi
                0x0000f418                __aeabi_d2iz
 .text          0x0000f474       0x70 E:/Program Files/Ingenico/IngeDev_7/plugins/com.ingenico.ingedev.telium.bin.win32.gnuarm.v434_7.14.0.0/os/win32/GNUARM/4.3.4/lib/gcc/arm-elf/4.3.4/thumb/soft/interwork/libgcc.a(_muldi3.o)
                0x0000f474                __muldi3
 .text          0x0000f4e4       0x50 E:/Program Files/Ingenico/IngeDev_7/plugins/com.ingenico.ingedev.telium.bin.win32.gnuarm.v434_7.14.0.0/os/win32/GNUARM/4.3.4/lib/gcc/arm-elf/4.3.4/thumb/soft/interwork/libgcc.a(_fixdfdi.o)
                0x0000f4e4                __fixdfdi
 .text          0x0000f534       0x44 E:/Program Files/Ingenico/IngeDev_7/plugins/com.ingenico.ingedev.telium.bin.win32.gnuarm.v434_7.14.0.0/os/win32/GNUARM/4.3.4/lib/gcc/arm-elf/4.3.4/thumb/soft/interwork/libgcc.a(_fixunsdfdi.o)
                0x0000f534                __fixunsdfdi
 .text          0x0000f578      0x3fc E:/Program Files/Ingenico/IngeDev_7/plugins/com.ingenico.ingedev.telium.bin.win32.gnuarm.v434_7.14.0.0/os/win32/GNUARM/4.3.4/lib/gcc/arm-elf/4.3.4/thumb/soft/interwork/libgcc.a(_udivdi3.o)
                0x0000f578                __udivdi3
 .text          0x0000f974      0x3e8 E:/Program Files/Ingenico/IngeDev_7/plugins/com.ingenico.ingedev.telium.bin.win32.gnuarm.v434_7.14.0.0/os/win32/GNUARM/4.3.4/lib/gcc/arm-elf/4.3.4/thumb/soft/interwork/libgcc.a(_umoddi3.o)
                0x0000f974                __umoddi3
 .text          0x0000fd5c       0x54 E:/Program Files/Ingenico/IngeDev_7/plugins/com.ingenico.ingedev.telium.bin.win32.gnuarm.v434_7.14.0.0/os/win32/GNUARM/4.3.4/lib/gcc/arm-elf/4.3.4/thumb/soft/interwork/libgcc.a(_fixunsdfsi.o)
                0x0000fd5c                __fixunsdfsi
                0x0000fd5c                __aeabi_d2uiz
 .text          0x0000fdb0        0x0 E:/Program Files/Ingenico/IngeDev_7/plugins/com.ingenico.ingedev.telium.bin.win32.gnuarm.v434_7.14.0.0/os/win32/GNUARM/4.3.4/lib/gcc/arm-elf/4.3.4/thumb/soft/interwork/libgcc.a(_clz.o)
 *(.gnu.linkonce.t.*)
 *(.strings .strings.*)
 *(.glue_7)
 .glue_7        0x0000fdb0       0x18 linker stubs
                0x0000fdb0                __SV_read_date_from_arm
                0x0000fdbc                __SystemFioctl_from_arm
 .glue_7.stub   0x0000fdc8       0x58 linker stubs
 *(.glue_7t)
 .glue_7t       0x00000000        0x0 linker stubs
 *(.gcc_except_table)

.vfp11_veneer   0x0000fe20        0x0
 .vfp11_veneer  0x00000000        0x0 linker stubs

.v4_bx          0x0000fe20        0x0
 .v4_bx         0x00000000        0x0 linker stubs

.eh_frame
 *(.eh_frame)

.jcr
 *(.jcr)

.ctors          0x0000fe20        0x0
                0x0000fe20                __ctors_start = .
 *(SORT(.ctors.*))
 *(.ctors)
                0x0000fe20                __ctors_end = .

.dtors          0x0000fe20        0x0
                0x0000fe20                __dtors_start = .
 *(SORT(.dtors.*))
 *(.dtors)
                0x0000fe20                __dtors_end = .

.rodata         0x0000fe20     0x2231
 *(.rodata .rodata.*)
 .rodata        0x0000fe20       0xac Obj/GNU_ARM_DEBUG/Main.o
 .rodata.str1.1
                0x0000fecc      0x2ac Obj/GNU_ARM_DEBUG/Entry.o
                                0x2be (size before relaxing)
 .rodata        0x00010178       0x6c Obj/GNU_ARM_DEBUG/Entry.o
 .rodata.str1.1
                0x000101e4      0xb15 Obj/GNU_ARM_DEBUG/Menu.o
                                0xba8 (size before relaxing)
 *fill*         0x00010cf9        0x3 00
 .rodata        0x00010cfc       0x1c Obj/GNU_ARM_DEBUG/Menu.o
 .rodata.str1.1
                0x00000000        0x9 Obj/GNU_ARM_DEBUG/Display.o
 .rodata.str1.1
                0x00010d18      0x648 Obj/GNU_ARM_DEBUG/Parms.o
                                0x6c5 (size before relaxing)
 .rodata        0x00011360       0x9c Obj/GNU_ARM_DEBUG/Parms.o
 .rodata.str1.1
                0x000113fc       0x90 Obj/GNU_ARM_DEBUG/UI.o
                                 0xce (size before relaxing)
 .rodata        0x0001148c       0x80 Obj/GNU_ARM_DEBUG/UI.o
 .rodata.str1.1
                0x0001150c      0x120 Obj/GNU_ARM_DEBUG/Printer.o
                                0x12c (size before relaxing)
 .rodata        0x0001162c       0x2c Obj/GNU_ARM_DEBUG/Printer.o
 .rodata.str1.1
                0x00011658       0x61 Obj/GNU_ARM_DEBUG/Iso8583.o
                                 0x6b (size before relaxing)
 .rodata        0x000116b9      0x200 Obj/GNU_ARM_DEBUG/Iso8583.o
                0x000116b9                EBCDIC2ASCII
                0x000117b9                ASCII2EBCDIC
 .rodata.str1.1
                0x000118b9       0x41 Obj/GNU_ARM_DEBUG/Utils.o
 .rodata.str1.1
                0x000118fa       0x17 Obj/GNU_ARM_DEBUG/Sale.o
                                 0x18 (size before relaxing)
 *fill*         0x00011911        0x3 00
 .rodata        0x00011914       0x10 Obj/GNU_ARM_DEBUG/Sale.o
 .rodata        0x00011924       0x18 Obj/GNU_ARM_DEBUG/__ing_cguard.o
 .rodata        0x0001193c      0x100 E:/Program Files/SDK30/SDK 9.4.1/SDK/lib_gnu_434/eft30.lib(ctype.o)
                0x0001193c                _ctype2_
 .rodata        0x00011a3c       0x48 E:/Program Files/SDK30/SDK 9.4.1/SDK/lib_gnu_434/eft30.lib(atof.o)
 .rodata.str1.1
                0x00011a84        0xc E:/Program Files/SDK30/SDK 9.4.1/SDK/lib_gnu_434/eft30.lib(extens119.o)
 .rodata.str1.1
                0x00011a90       0x11 E:/Program Files/SDK30/SDK 9.4.1/SDK/lib_gnu_434/eft30.lib(saisie18.o)
 .rodata.str1.1
                0x00000000       0x11 E:/Program Files/SDK30/SDK 9.4.1/SDK/lib_gnu_434/eft30.lib(saisie2.o)
                                 0x16 (size before relaxing)
 .rodata.str1.1
                0x00011aa1        0xc E:/Program Files/SDK30/SDK 9.4.1/SDK/lib_gnu_434/eft30.lib(saisie6.o)
 .rodata.str1.1
                0x00011aad       0x13 E:/Program Files/SDK30/SDK 9.4.1/SDK/lib_gnu_434/eft30.lib(saisie7.o)
 .rodata.str1.1
                0x00011ac0       0x18 E:/Program Files/SDK30/SDK 9.4.1/SDK/lib_gnu_434/eft30.lib(saisie8.o)
 .rodata.str1.1
                0x00011ad8        0xf E:/Program Files/SDK30/SDK 9.4.1/SDK/lib_gnu_434/eft30.lib(saisie9.o)
 .rodata.str1.1
                0x00011ae7        0xd E:/Program Files/SDK30/SDK 9.4.1/SDK/lib_gnu_434/eft30.lib(sv24.o)
 .rodata.str1.1
                0x00011af4        0xf E:/Program Files/SDK30/SDK 9.4.1/SDK/lib_gnu_434/eft30.lib(libgr1.o)
                                 0x1d (size before relaxing)
 .rodata.str1.1
                0x00000000        0xf E:/Program Files/SDK30/SDK 9.4.1/SDK/lib_gnu_434/eft30.lib(libgr110.o)
                                  0x7 (size before relaxing)
 .rodata.str1.1
                0x00011b03        0xc E:/Program Files/SDK30/SDK 9.4.1/SDK/lib_gnu_434/eft30.lib(libgr2.o)
 .rodata.str1.1
                0x00011b0f        0xc E:/Program Files/SDK30/SDK 9.4.1/SDK/lib_gnu_434/eft30.lib(libgr23.o)
 .rodata.str1.1
                0x00000000        0xc E:/Program Files/SDK30/SDK 9.4.1/SDK/lib_gnu_434/eft30.lib(libgr24.o)
                                  0xb (size before relaxing)
 .rodata.str1.1
                0x00011b1b       0x1a E:/Program Files/SDK30/SDK 9.4.1/SDK/lib_gnu_434/eft30.lib(libgr26.o)
 .rodata.str1.1
                0x00011b35        0x8 E:/Program Files/SDK30/SDK 9.4.1/SDK/lib_gnu_434/eft30.lib(libgr28.o)
 .rodata.str1.1
                0x00011b3d        0x8 E:/Program Files/SDK30/SDK 9.4.1/SDK/lib_gnu_434/eft30.lib(libgr3.o)
 .rodata.str1.1
                0x00011b45        0xe E:/Program Files/SDK30/SDK 9.4.1/SDK/lib_gnu_434/eft30.lib(libgr33.o)
 .rodata.str1.1
                0x00011b53        0x8 E:/Program Files/SDK30/SDK 9.4.1/SDK/lib_gnu_434/eft30.lib(libgr35.o)
 .rodata.str1.1
                0x00011b5b        0xe E:/Program Files/SDK30/SDK 9.4.1/SDK/lib_gnu_434/eft30.lib(libgr37.o)
 .rodata.str1.1
                0x00011b69        0xf E:/Program Files/SDK30/SDK 9.4.1/SDK/lib_gnu_434/eft30.lib(libgr48.o)
 .rodata.str1.1
                0x00011b78        0xf E:/Program Files/SDK30/SDK 9.4.1/SDK/lib_gnu_434/eft30.lib(libgr49.o)
 .rodata.str1.1
                0x00011b87        0x8 E:/Program Files/SDK30/SDK 9.4.1/SDK/lib_gnu_434/eft30.lib(libgr5.o)
 .rodata.str1.1
                0x00011b8f        0x8 E:/Program Files/SDK30/SDK 9.4.1/SDK/lib_gnu_434/eft30.lib(libgr6.o)
 .rodata.str1.1
                0x00011b97        0xf E:/Program Files/SDK30/SDK 9.4.1/SDK/lib_gnu_434/eft30.lib(libgr7.o)
 .rodata.str1.1
                0x00000000        0xf E:/Program Files/SDK30/SDK 9.4.1/SDK/lib_gnu_434/eft30.lib(LibAppli.o)
                                 0x21 (size before relaxing)
 .rodata.str1.1
                0x00011ba6        0xf E:/Program Files/SDK30/SDK 9.4.1/SDK/lib_gnu_434/eft30.lib(extens.o)
 .rodata.str1.1
                0x00011bb5        0x7 E:/Program Files/SDK30/SDK 9.4.1/SDK/lib_gnu_434/eft30.lib(saisie.o)
                                  0xf (size before relaxing)
 .rodata.str1.1
                0x00011bbc        0x3 E:/Program Files/SDK30/SDK 9.4.1/SDK/lib_gnu_434/eft30.lib(sv.o)
                                  0xb (size before relaxing)
 .rodata.str1.1
                0x00011bbf        0x6 E:/Program Files/SDK30/SDK 9.4.1/SDK/lib_gnu_434/eft30.lib(libgr.o)
                                  0xe (size before relaxing)
 .rodata.str1.1
                0x00011bc5       0x90 E:/Program Files/SDK30/SDK 9.4.1/SDK/lib_gnu_434/AVL.lib(Serializer_Xml.o)
                                 0xa7 (size before relaxing)
 .rodata.str1.1
                0x00011c55       0x1e E:/Program Files/SDK30/SDK 9.4.1/SDK/lib_gnu_434/AVL.lib(XMLs_ProcessData.o)
 *fill*         0x00011c73        0x1 00
 .rodata        0x00011c74       0x28 E:/Program Files/SDK30/SDK 9.4.1/SDK/lib_gnu_434/AVL.lib(XMLs_ProcessData.o)
 .rodata.str1.1
                0x00011c9c       0xbf E:/Program Files/SDK30/SDK 9.4.1/SDK/lib_gnu_434/LinkLayerExeInterface.lib(LinkLayerServices.o)
                                 0xc0 (size before relaxing)
 .rodata.str1.1
                0x00011d5b       0x20 E:/Program Files/SDK30/SDK 9.4.1/SDK/lib_gnu_434/eft30.lib(extens87.o)
 *fill*         0x00011d7b        0x1 00
 .rodata        0x00011d7c        0x4 E:/Program Files/Ingenico/IngeDev_7/plugins/com.ingenico.ingedev.telium.bin.win32.gnuarm.v434_7.14.0.0/os/win32/GNUARM/4.3.4/arm-elf/lib/thumb/soft/interwork/libc.a(lib_a-impure.o)
                0x00011d7c                _global_impure_ptr
 .rodata.str1.1
                0x00011d80        0x2 E:/Program Files/Ingenico/IngeDev_7/plugins/com.ingenico.ingedev.telium.bin.win32.gnuarm.v434_7.14.0.0/os/win32/GNUARM/4.3.4/arm-elf/lib/thumb/soft/interwork/libc.a(lib_a-impure.o)
 *fill*         0x00011d82        0x2 00
 .rodata        0x00011d84       0x60 E:/Program Files/Ingenico/IngeDev_7/plugins/com.ingenico.ingedev.telium.bin.win32.gnuarm.v434_7.14.0.0/os/win32/GNUARM/4.3.4/arm-elf/lib/thumb/soft/interwork/libc.a(lib_a-mktime.o)
 .rodata        0x00011de4       0x68 E:/Program Files/Ingenico/IngeDev_7/plugins/com.ingenico.ingedev.telium.bin.win32.gnuarm.v434_7.14.0.0/os/win32/GNUARM/4.3.4/arm-elf/lib/thumb/soft/interwork/libc.a(lib_a-mktm_r.o)
 .rodata.str1.1
                0x00011e4c        0x4 E:/Program Files/Ingenico/IngeDev_7/plugins/com.ingenico.ingedev.telium.bin.win32.gnuarm.v434_7.14.0.0/os/win32/GNUARM/4.3.4/arm-elf/lib/thumb/soft/interwork/libc.a(lib_a-tzvars.o)
 .rodata        0x00011e50      0x101 E:/Program Files/Ingenico/IngeDev_7/plugins/com.ingenico.ingedev.telium.bin.win32.gnuarm.v434_7.14.0.0/os/win32/GNUARM/4.3.4/arm-elf/lib/thumb/soft/interwork/libc.a(lib_a-ctype_.o)
                0x00011e50                _ctype_
 .rodata        0x00011f51      0x100 E:/Program Files/Ingenico/IngeDev_7/plugins/com.ingenico.ingedev.telium.bin.win32.gnuarm.v434_7.14.0.0/os/win32/GNUARM/4.3.4/lib/gcc/arm-elf/4.3.4/thumb/soft/interwork/libgcc.a(_clz.o)
                0x00011f51                __clz_tab
 *(.gnu.linkonce.r.*)
                0x00012051                __text_end = .
                0x00200000                . = 0x200000

.data           0x00200000      0xab8 load address 0x00012051
                0x00200000                __data_start = .
 *(.data .data.*)
 .data          0x00200000        0x0 Obj/GNU_ARM_DEBUG/Main.o
 .data          0x00200000      0x11c Obj/GNU_ARM_DEBUG/Entry.o
 .data          0x0020011c      0x384 Obj/GNU_ARM_DEBUG/Menu.o
                0x0020011c                App_Name
                0x00200128                MAINMENU
 .data          0x002004a0        0x0 Obj/GNU_ARM_DEBUG/Display.o
 .data          0x002004a0      0x198 Obj/GNU_ARM_DEBUG/Parms.o
                0x002004a0                glParameterTable
 .data          0x00200638        0x0 Obj/GNU_ARM_DEBUG/UI.o
 .data          0x00200638        0x0 Obj/GNU_ARM_DEBUG/Printer.o
 .data          0x00200638        0x0 Obj/GNU_ARM_DEBUG/Iso8583.o
 .data          0x00200638        0x0 Obj/GNU_ARM_DEBUG/Utils.o
 .data          0x00200638        0x8 Obj/GNU_ARM_DEBUG/Sale.o
 .data          0x00200640        0x0 Obj/GNU_ARM_DEBUG/Common.o
 .data          0x00200640        0x0 Obj/GNU_ARM_DEBUG/Card.o
 .data          0x00200640        0x0 Obj/GNU_ARM_DEBUG/cstartup.o
 .data          0x00200640        0x4 Obj/GNU_ARM_DEBUG/__ing_cguard.o
                0x00200640                __stack_chk_guard
 .data          0x00200644        0x0 Obj/GNU_ARM_DEBUG/__ing_getRand_dateXORSerial.o
 .data          0x00200644        0x0 E:/Program Files/SDK30/SDK 9.4.1/SDK/lib_gnu_434/eft30.lib(ctype.o)
 .data          0x00200644        0x0 E:/Program Files/SDK30/SDK 9.4.1/SDK/lib_gnu_434/eft30.lib(atoi.o)
 .data          0x00200644        0x0 E:/Program Files/SDK30/SDK 9.4.1/SDK/lib_gnu_434/eft30.lib(atof.o)
 .data          0x00200644        0x0 E:/Program Files/SDK30/SDK 9.4.1/SDK/lib_gnu_434/eft30.lib(extens119.o)
 .data          0x00200644        0x0 E:/Program Files/SDK30/SDK 9.4.1/SDK/lib_gnu_434/eft30.lib(saisie18.o)
 .data          0x00200644        0x0 E:/Program Files/SDK30/SDK 9.4.1/SDK/lib_gnu_434/eft30.lib(saisie2.o)
 .data          0x00200644        0x0 E:/Program Files/SDK30/SDK 9.4.1/SDK/lib_gnu_434/eft30.lib(saisie6.o)
 .data          0x00200644        0x0 E:/Program Files/SDK30/SDK 9.4.1/SDK/lib_gnu_434/eft30.lib(saisie7.o)
 .data          0x00200644        0x0 E:/Program Files/SDK30/SDK 9.4.1/SDK/lib_gnu_434/eft30.lib(saisie8.o)
 .data          0x00200644        0x0 E:/Program Files/SDK30/SDK 9.4.1/SDK/lib_gnu_434/eft30.lib(saisie9.o)
 .data          0x00200644        0x0 E:/Program Files/SDK30/SDK 9.4.1/SDK/lib_gnu_434/eft30.lib(sv24.o)
 .data          0x00200644        0x0 E:/Program Files/SDK30/SDK 9.4.1/SDK/lib_gnu_434/eft30.lib(libgr1.o)
 .data          0x00200644        0x0 E:/Program Files/SDK30/SDK 9.4.1/SDK/lib_gnu_434/eft30.lib(libgr110.o)
 .data          0x00200644        0x0 E:/Program Files/SDK30/SDK 9.4.1/SDK/lib_gnu_434/eft30.lib(libgr2.o)
 .data          0x00200644        0x0 E:/Program Files/SDK30/SDK 9.4.1/SDK/lib_gnu_434/eft30.lib(libgr23.o)
 .data          0x00200644        0x0 E:/Program Files/SDK30/SDK 9.4.1/SDK/lib_gnu_434/eft30.lib(libgr24.o)
 .data          0x00200644        0x0 E:/Program Files/SDK30/SDK 9.4.1/SDK/lib_gnu_434/eft30.lib(libgr26.o)
 .data          0x00200644        0x0 E:/Program Files/SDK30/SDK 9.4.1/SDK/lib_gnu_434/eft30.lib(libgr28.o)
 .data          0x00200644        0x0 E:/Program Files/SDK30/SDK 9.4.1/SDK/lib_gnu_434/eft30.lib(libgr3.o)
 .data          0x00200644        0x0 E:/Program Files/SDK30/SDK 9.4.1/SDK/lib_gnu_434/eft30.lib(libgr33.o)
 .data          0x00200644        0x0 E:/Program Files/SDK30/SDK 9.4.1/SDK/lib_gnu_434/eft30.lib(libgr35.o)
 .data          0x00200644        0x0 E:/Program Files/SDK30/SDK 9.4.1/SDK/lib_gnu_434/eft30.lib(libgr37.o)
 .data          0x00200644        0x0 E:/Program Files/SDK30/SDK 9.4.1/SDK/lib_gnu_434/eft30.lib(libgr48.o)
 .data          0x00200644        0x0 E:/Program Files/SDK30/SDK 9.4.1/SDK/lib_gnu_434/eft30.lib(libgr49.o)
 .data          0x00200644        0x0 E:/Program Files/SDK30/SDK 9.4.1/SDK/lib_gnu_434/eft30.lib(libgr5.o)
 .data          0x00200644        0x0 E:/Program Files/SDK30/SDK 9.4.1/SDK/lib_gnu_434/eft30.lib(libgr6.o)
 .data          0x00200644        0x0 E:/Program Files/SDK30/SDK 9.4.1/SDK/lib_gnu_434/eft30.lib(libgr7.o)
 .data          0x00200644        0x0 E:/Program Files/SDK30/SDK 9.4.1/SDK/lib_gnu_434/eft30.lib(LibAppli.o)
 .data          0x00200644        0x0 E:/Program Files/SDK30/SDK 9.4.1/SDK/lib_gnu_434/eft30.lib(extens.o)
 .data          0x00200644        0x0 E:/Program Files/SDK30/SDK 9.4.1/SDK/lib_gnu_434/eft30.lib(saisie.o)
 .data          0x00200644        0x0 E:/Program Files/SDK30/SDK 9.4.1/SDK/lib_gnu_434/eft30.lib(sv.o)
 .data          0x00200644        0x0 E:/Program Files/SDK30/SDK 9.4.1/SDK/lib_gnu_434/eft30.lib(libgr.o)
 .data          0x00200644        0x0 E:/Program Files/SDK30/SDK 9.4.1/SDK/lib_gnu_434/trap.lib(trap_1302___STDOUT.o)
 .data          0x00200644        0x0 E:/Program Files/SDK30/SDK 9.4.1/SDK/lib_gnu_434/trap.lib(trap_1313_fclose.o)
 .data          0x00200644        0x0 E:/Program Files/SDK30/SDK 9.4.1/SDK/lib_gnu_434/trap.lib(trap_1314_fopen.o)
 .data          0x00200644        0x0 E:/Program Files/SDK30/SDK 9.4.1/SDK/lib_gnu_434/trap.lib(trap_1319_getc.o)
 .data          0x00200644        0x0 E:/Program Files/SDK30/SDK 9.4.1/SDK/lib_gnu_434/trap.lib(trap_131B___STDIN.o)
 .data          0x00200644        0x0 E:/Program Files/SDK30/SDK 9.4.1/SDK/lib_gnu_434/trap.lib(trap_1323__vfprintf.o)
 .data          0x00200644        0x0 E:/Program Files/SDK30/SDK 9.4.1/SDK/lib_gnu_434/trap.lib(trap_1324_vsprintf.o)
 .data          0x00200644        0x0 E:/Program Files/SDK30/SDK 9.4.1/SDK/lib_gnu_434/trap.lib(trap_1327_fputs.o)
 .data          0x00200644        0x0 E:/Program Files/SDK30/SDK 9.4.1/SDK/lib_gnu_434/trap.lib(trap_1328_putc.o)
 .data          0x00200644        0x0 E:/Program Files/SDK30/SDK 9.4.1/SDK/lib_gnu_434/trap.lib(trap_1329_ttestall.o)
 .data          0x00200644        0x0 E:/Program Files/SDK30/SDK 9.4.1/SDK/lib_gnu_434/trap.lib(trap_132C_FormatOem.o)
 .data          0x00200644        0x0 E:/Program Files/SDK30/SDK 9.4.1/SDK/lib_gnu_434/trap.lib(trap_1348_ObjectGetInfo.o)
 .data          0x00200644        0x0 E:/Program Files/SDK30/SDK 9.4.1/SDK/lib_gnu_434/trap.lib(trap_1349_ObjectLoad.o)
 .data          0x00200644        0x0 E:/Program Files/SDK30/SDK 9.4.1/SDK/lib_gnu_434/trap.lib(trap_134D_ServiceRegister.o)
 .data          0x00200644        0x0 E:/Program Files/SDK30/SDK 9.4.1/SDK/lib_gnu_434/trap.lib(trap_1350_DllLink.o)
 .data          0x00200644        0x0 E:/Program Files/SDK30/SDK 9.4.1/SDK/lib_gnu_434/trap.lib(trap_1352_DllUnlink.o)
 .data          0x00200644        0x0 E:/Program Files/SDK30/SDK 9.4.1/SDK/lib_gnu_434/trap.lib(trap_1356_stdperif.o)
 .data          0x00200644        0x0 E:/Program Files/SDK30/SDK 9.4.1/SDK/lib_gnu_434/trap.lib(trap_1375_download.o)
 .data          0x00200644        0x0 E:/Program Files/SDK30/SDK 9.4.1/SDK/lib_gnu_434/trap.lib(trap_1378_OEM_exit.o)
 .data          0x00200644        0x0 E:/Program Files/SDK30/SDK 9.4.1/SDK/lib_gnu_434/trap.lib(trap_1386_upload_diagnostic_txt.o)
 .data          0x00200644        0x0 E:/Program Files/SDK30/SDK 9.4.1/SDK/lib_gnu_434/trap.lib(trap_138B_FS_dskcreate.o)
 .data          0x00200644        0x0 E:/Program Files/SDK30/SDK 9.4.1/SDK/lib_gnu_434/trap.lib(trap_138D_FS_mount.o)
 .data          0x00200644        0x0 E:/Program Files/SDK30/SDK 9.4.1/SDK/lib_gnu_434/trap.lib(trap_1399_FS_unlink.o)
 .data          0x00200644        0x0 E:/Program Files/SDK30/SDK 9.4.1/SDK/lib_gnu_434/trap.lib(trap_139A_FS_exist.o)
 .data          0x00200644        0x0 E:/Program Files/SDK30/SDK 9.4.1/SDK/lib_gnu_434/trap.lib(trap_139B_FS_open.o)
 .data          0x00200644        0x0 E:/Program Files/SDK30/SDK 9.4.1/SDK/lib_gnu_434/trap.lib(trap_139C_FS_close.o)
 .data          0x00200644        0x0 E:/Program Files/SDK30/SDK 9.4.1/SDK/lib_gnu_434/trap.lib(trap_139D_FS_read.o)
 .data          0x00200644        0x0 E:/Program Files/SDK30/SDK 9.4.1/SDK/lib_gnu_434/trap.lib(trap_139E_FS_write.o)
 .data          0x00200644        0x0 E:/Program Files/SDK30/SDK 9.4.1/SDK/lib_gnu_434/trap.lib(trap_139F_FS_flush.o)
 .data          0x00200644        0x0 E:/Program Files/SDK30/SDK 9.4.1/SDK/lib_gnu_434/trap.lib(trap_13A1_FS_length.o)
 .data          0x00200644        0x0 E:/Program Files/SDK30/SDK 9.4.1/SDK/lib_gnu_434/trap.lib(trap_13A2_FS_seek.o)
 .data          0x00200644        0x0 E:/Program Files/SDK30/SDK 9.4.1/SDK/lib_gnu_434/trap.lib(trap_13AB_first_init.o)
 .data          0x00200644        0x0 E:/Program Files/SDK30/SDK 9.4.1/SDK/lib_gnu_434/trap.lib(trap_13AD_raz_init.o)
 .data          0x00200644        0x0 E:/Program Files/SDK30/SDK 9.4.1/SDK/lib_gnu_434/trap.lib(trap_13B2_ApplicationGetCurrent.o)
 .data          0x00200644        0x0 E:/Program Files/SDK30/SDK 9.4.1/SDK/lib_gnu_434/trap.lib(trap_13B9_buzzer.o)
 .data          0x00200644        0x0 E:/Program Files/SDK30/SDK 9.4.1/SDK/lib_gnu_434/trap.lib(trap_13C1_trace.o)
 .data          0x00200644        0x0 E:/Program Files/SDK30/SDK 9.4.1/SDK/lib_gnu_434/trap.lib(trap_13C2_InitGkDrv.o)
 .data          0x00200644        0x0 E:/Program Files/SDK30/SDK 9.4.1/SDK/lib_gnu_434/trap.lib(trap_1406_umalloc.o)
 .data          0x00200644        0x0 E:/Program Files/SDK30/SDK 9.4.1/SDK/lib_gnu_434/trap.lib(trap_1407_ufree.o)
 .data          0x00200644        0x0 E:/Program Files/SDK30/SDK 9.4.1/SDK/lib_gnu_434/trap.lib(trap_1432_SystemFioctl.o)
 .data          0x00200644        0x0 E:/Program Files/SDK30/SDK 9.4.1/SDK/lib_gnu_434/AVL.lib(Proxy.o)
 .data          0x00200644        0x0 E:/Program Files/SDK30/SDK 9.4.1/SDK/lib_gnu_434/AVL.lib(Serializer.o)
 .data          0x00200644        0x0 E:/Program Files/SDK30/SDK 9.4.1/SDK/lib_gnu_434/AVL.lib(Serializer_Default.o)
 .data          0x00200644        0x0 E:/Program Files/SDK30/SDK 9.4.1/SDK/lib_gnu_434/AVL.lib(Serializer_Xml.o)
 .data          0x00200644        0x0 E:/Program Files/SDK30/SDK 9.4.1/SDK/lib_gnu_434/AVL.lib(XMLs_ProcessData.o)
 .data          0x00200644        0x0 E:/Program Files/SDK30/SDK 9.4.1/SDK/lib_gnu_434/AVL.lib(XMLs_Common.o)
 .data          0x00200644        0x0 E:/Program Files/SDK30/SDK 9.4.1/SDK/lib_gnu_434/AVL.lib(XMLs_Deprecated.o)
 .data          0x00200644        0x0 E:/Program Files/SDK30/SDK 9.4.1/SDK/lib_gnu_434/AVL.lib(XMLs_Parser_Deprecated.o)
 .data          0x00200644        0x0 E:/Program Files/SDK30/SDK 9.4.1/SDK/lib_gnu_434/AVL.lib(Internal.o)
 .data          0x00200644        0x0 E:/Program Files/SDK30/SDK 9.4.1/SDK/lib_gnu_434/LinkLayerExeInterface.lib(LinkLayerServices.o)
 .data          0x00200644        0x0 E:/Program Files/SDK30/SDK 9.4.1/SDK/lib_gnu_434/libcpatch.o
 .data          0x00200644        0x0 E:/Program Files/SDK30/SDK 9.4.1/SDK/lib_gnu_434/eft30.lib(extens87.o)
 .data          0x00200644        0x0 E:/Program Files/SDK30/SDK 9.4.1/SDK/lib_gnu_434/trap.lib(trap_142A_urealloc.o)
 .data          0x00200644        0x0 E:/Program Files/Ingenico/IngeDev_7/plugins/com.ingenico.ingedev.telium.bin.win32.gnuarm.v434_7.14.0.0/os/win32/GNUARM/4.3.4/arm-elf/lib/thumb/soft/interwork/libc.a(lib_a-atoll.o)
 .data          0x00200644        0x0 E:/Program Files/Ingenico/IngeDev_7/plugins/com.ingenico.ingedev.telium.bin.win32.gnuarm.v434_7.14.0.0/os/win32/GNUARM/4.3.4/arm-elf/lib/thumb/soft/interwork/libc.a(lib_a-difftime.o)
 .data          0x00200644        0x0 E:/Program Files/Ingenico/IngeDev_7/plugins/com.ingenico.ingedev.telium.bin.win32.gnuarm.v434_7.14.0.0/os/win32/GNUARM/4.3.4/arm-elf/lib/thumb/soft/interwork/libc.a(lib_a-errno.o)
 .data          0x00200644        0x0 E:/Program Files/Ingenico/IngeDev_7/plugins/com.ingenico.ingedev.telium.bin.win32.gnuarm.v434_7.14.0.0/os/win32/GNUARM/4.3.4/arm-elf/lib/thumb/soft/interwork/libc.a(lib_a-gmtime.o)
 .data          0x00200644        0x0 E:/Program Files/Ingenico/IngeDev_7/plugins/com.ingenico.ingedev.telium.bin.win32.gnuarm.v434_7.14.0.0/os/win32/GNUARM/4.3.4/arm-elf/lib/thumb/soft/interwork/libc.a(lib_a-gmtime_r.o)
 .data          0x00200644      0x428 E:/Program Files/Ingenico/IngeDev_7/plugins/com.ingenico.ingedev.telium.bin.win32.gnuarm.v434_7.14.0.0/os/win32/GNUARM/4.3.4/arm-elf/lib/thumb/soft/interwork/libc.a(lib_a-impure.o)
                0x00200644                _impure_ptr
 .data          0x00200a6c        0x0 E:/Program Files/Ingenico/IngeDev_7/plugins/com.ingenico.ingedev.telium.bin.win32.gnuarm.v434_7.14.0.0/os/win32/GNUARM/4.3.4/arm-elf/lib/thumb/soft/interwork/libc.a(lib_a-malloc.o)
 .data          0x00200a6c        0x0 E:/Program Files/Ingenico/IngeDev_7/plugins/com.ingenico.ingedev.telium.bin.win32.gnuarm.v434_7.14.0.0/os/win32/GNUARM/4.3.4/arm-elf/lib/thumb/soft/interwork/libc.a(lib_a-memcmp.o)
 .data          0x00200a6c        0x0 E:/Program Files/Ingenico/IngeDev_7/plugins/com.ingenico.ingedev.telium.bin.win32.gnuarm.v434_7.14.0.0/os/win32/GNUARM/4.3.4/arm-elf/lib/thumb/soft/interwork/libc.a(lib_a-memcpy.o)
 .data          0x00200a6c        0x0 E:/Program Files/Ingenico/IngeDev_7/plugins/com.ingenico.ingedev.telium.bin.win32.gnuarm.v434_7.14.0.0/os/win32/GNUARM/4.3.4/arm-elf/lib/thumb/soft/interwork/libc.a(lib_a-memmove.o)
 .data          0x00200a6c        0x0 E:/Program Files/Ingenico/IngeDev_7/plugins/com.ingenico.ingedev.telium.bin.win32.gnuarm.v434_7.14.0.0/os/win32/GNUARM/4.3.4/arm-elf/lib/thumb/soft/interwork/libc.a(lib_a-memset.o)
 .data          0x00200a6c        0x0 E:/Program Files/Ingenico/IngeDev_7/plugins/com.ingenico.ingedev.telium.bin.win32.gnuarm.v434_7.14.0.0/os/win32/GNUARM/4.3.4/arm-elf/lib/thumb/soft/interwork/libc.a(lib_a-mktime.o)
 .data          0x00200a6c        0x0 E:/Program Files/Ingenico/IngeDev_7/plugins/com.ingenico.ingedev.telium.bin.win32.gnuarm.v434_7.14.0.0/os/win32/GNUARM/4.3.4/arm-elf/lib/thumb/soft/interwork/libc.a(lib_a-mktm_r.o)
 .data          0x00200a6c        0x0 E:/Program Files/Ingenico/IngeDev_7/plugins/com.ingenico.ingedev.telium.bin.win32.gnuarm.v434_7.14.0.0/os/win32/GNUARM/4.3.4/arm-elf/lib/thumb/soft/interwork/libc.a(lib_a-strcasecmp.o)
 .data          0x00200a6c        0x0 E:/Program Files/Ingenico/IngeDev_7/plugins/com.ingenico.ingedev.telium.bin.win32.gnuarm.v434_7.14.0.0/os/win32/GNUARM/4.3.4/arm-elf/lib/thumb/soft/interwork/libc.a(lib_a-strcasestr.o)
 .data          0x00200a6c        0x0 E:/Program Files/Ingenico/IngeDev_7/plugins/com.ingenico.ingedev.telium.bin.win32.gnuarm.v434_7.14.0.0/os/win32/GNUARM/4.3.4/arm-elf/lib/thumb/soft/interwork/libc.a(lib_a-strcat.o)
 .data          0x00200a6c        0x0 E:/Program Files/Ingenico/IngeDev_7/plugins/com.ingenico.ingedev.telium.bin.win32.gnuarm.v434_7.14.0.0/os/win32/GNUARM/4.3.4/arm-elf/lib/thumb/soft/interwork/libc.a(lib_a-strchr.o)
 .data          0x00200a6c        0x0 E:/Program Files/Ingenico/IngeDev_7/plugins/com.ingenico.ingedev.telium.bin.win32.gnuarm.v434_7.14.0.0/os/win32/GNUARM/4.3.4/arm-elf/lib/thumb/soft/interwork/libc.a(lib_a-strcmp.o)
 .data          0x00200a6c        0x0 E:/Program Files/Ingenico/IngeDev_7/plugins/com.ingenico.ingedev.telium.bin.win32.gnuarm.v434_7.14.0.0/os/win32/GNUARM/4.3.4/arm-elf/lib/thumb/soft/interwork/libc.a(lib_a-strcpy.o)
 .data          0x00200a6c        0x0 E:/Program Files/Ingenico/IngeDev_7/plugins/com.ingenico.ingedev.telium.bin.win32.gnuarm.v434_7.14.0.0/os/win32/GNUARM/4.3.4/arm-elf/lib/thumb/soft/interwork/libc.a(lib_a-strlen.o)
 .data          0x00200a6c        0x0 E:/Program Files/Ingenico/IngeDev_7/plugins/com.ingenico.ingedev.telium.bin.win32.gnuarm.v434_7.14.0.0/os/win32/GNUARM/4.3.4/arm-elf/lib/thumb/soft/interwork/libc.a(lib_a-strncasecmp.o)
 .data          0x00200a6c        0x0 E:/Program Files/Ingenico/IngeDev_7/plugins/com.ingenico.ingedev.telium.bin.win32.gnuarm.v434_7.14.0.0/os/win32/GNUARM/4.3.4/arm-elf/lib/thumb/soft/interwork/libc.a(lib_a-strncat.o)
 .data          0x00200a6c        0x0 E:/Program Files/Ingenico/IngeDev_7/plugins/com.ingenico.ingedev.telium.bin.win32.gnuarm.v434_7.14.0.0/os/win32/GNUARM/4.3.4/arm-elf/lib/thumb/soft/interwork/libc.a(lib_a-strncpy.o)
 .data          0x00200a6c        0x0 E:/Program Files/Ingenico/IngeDev_7/plugins/com.ingenico.ingedev.telium.bin.win32.gnuarm.v434_7.14.0.0/os/win32/GNUARM/4.3.4/arm-elf/lib/thumb/soft/interwork/libc.a(lib_a-strstr.o)
 .data          0x00200a6c        0x0 E:/Program Files/Ingenico/IngeDev_7/plugins/com.ingenico.ingedev.telium.bin.win32.gnuarm.v434_7.14.0.0/os/win32/GNUARM/4.3.4/arm-elf/lib/thumb/soft/interwork/libc.a(lib_a-strtol.o)
 .data          0x00200a6c        0x0 E:/Program Files/Ingenico/IngeDev_7/plugins/com.ingenico.ingedev.telium.bin.win32.gnuarm.v434_7.14.0.0/os/win32/GNUARM/4.3.4/arm-elf/lib/thumb/soft/interwork/libc.a(lib_a-strtoll_r.o)
 .data          0x00200a6c        0x0 E:/Program Files/Ingenico/IngeDev_7/plugins/com.ingenico.ingedev.telium.bin.win32.gnuarm.v434_7.14.0.0/os/win32/GNUARM/4.3.4/arm-elf/lib/thumb/soft/interwork/libc.a(lib_a-strtoul.o)
 .data          0x00200a6c        0x0 E:/Program Files/Ingenico/IngeDev_7/plugins/com.ingenico.ingedev.telium.bin.win32.gnuarm.v434_7.14.0.0/os/win32/GNUARM/4.3.4/arm-elf/lib/thumb/soft/interwork/libc.a(lib_a-tolower.o)
 .data          0x00200a6c        0x0 E:/Program Files/Ingenico/IngeDev_7/plugins/com.ingenico.ingedev.telium.bin.win32.gnuarm.v434_7.14.0.0/os/win32/GNUARM/4.3.4/arm-elf/lib/thumb/soft/interwork/libc.a(lib_a-toupper.o)
 .data          0x00200a6c        0x0 E:/Program Files/Ingenico/IngeDev_7/plugins/com.ingenico.ingedev.telium.bin.win32.gnuarm.v434_7.14.0.0/os/win32/GNUARM/4.3.4/arm-elf/lib/thumb/soft/interwork/libc.a(lib_a-tzlock.o)
 .data          0x00200a6c        0x8 E:/Program Files/Ingenico/IngeDev_7/plugins/com.ingenico.ingedev.telium.bin.win32.gnuarm.v434_7.14.0.0/os/win32/GNUARM/4.3.4/arm-elf/lib/thumb/soft/interwork/libc.a(lib_a-tzvars.o)
                0x00200a6c                _tzname
 .data          0x00200a74        0x4 E:/Program Files/Ingenico/IngeDev_7/plugins/com.ingenico.ingedev.telium.bin.win32.gnuarm.v434_7.14.0.0/os/win32/GNUARM/4.3.4/arm-elf/lib/thumb/soft/interwork/libc.a(lib_a-ctype_.o)
                0x00200a74                __ctype_ptr__
 .data          0x00200a78        0x0 E:/Program Files/Ingenico/IngeDev_7/plugins/com.ingenico.ingedev.telium.bin.win32.gnuarm.v434_7.14.0.0/os/win32/GNUARM/4.3.4/arm-elf/lib/thumb/soft/interwork/libc.a(lib_a-div.o)
 .data          0x00200a78       0x40 E:/Program Files/Ingenico/IngeDev_7/plugins/com.ingenico.ingedev.telium.bin.win32.gnuarm.v434_7.14.0.0/os/win32/GNUARM/4.3.4/arm-elf/lib/thumb/soft/interwork/libc.a(lib_a-gettzinfo.o)
 .data          0x00200ab8        0x0 E:/Program Files/Ingenico/IngeDev_7/plugins/com.ingenico.ingedev.telium.bin.win32.gnuarm.v434_7.14.0.0/os/win32/GNUARM/4.3.4/lib/gcc/arm-elf/4.3.4/thumb/soft/interwork/libgcc.a(_udivsi3.o)
 .data          0x00200ab8        0x0 E:/Program Files/Ingenico/IngeDev_7/plugins/com.ingenico.ingedev.telium.bin.win32.gnuarm.v434_7.14.0.0/os/win32/GNUARM/4.3.4/lib/gcc/arm-elf/4.3.4/thumb/soft/interwork/libgcc.a(_divsi3.o)
 .data          0x00200ab8        0x0 E:/Program Files/Ingenico/IngeDev_7/plugins/com.ingenico.ingedev.telium.bin.win32.gnuarm.v434_7.14.0.0/os/win32/GNUARM/4.3.4/lib/gcc/arm-elf/4.3.4/thumb/soft/interwork/libgcc.a(_umodsi3.o)
 .data          0x00200ab8        0x0 E:/Program Files/Ingenico/IngeDev_7/plugins/com.ingenico.ingedev.telium.bin.win32.gnuarm.v434_7.14.0.0/os/win32/GNUARM/4.3.4/lib/gcc/arm-elf/4.3.4/thumb/soft/interwork/libgcc.a(_modsi3.o)
 .data          0x00200ab8        0x0 E:/Program Files/Ingenico/IngeDev_7/plugins/com.ingenico.ingedev.telium.bin.win32.gnuarm.v434_7.14.0.0/os/win32/GNUARM/4.3.4/lib/gcc/arm-elf/4.3.4/thumb/soft/interwork/libgcc.a(_dvmd_tls.o)
 .data          0x00200ab8        0x0 E:/Program Files/Ingenico/IngeDev_7/plugins/com.ingenico.ingedev.telium.bin.win32.gnuarm.v434_7.14.0.0/os/win32/GNUARM/4.3.4/lib/gcc/arm-elf/4.3.4/thumb/soft/interwork/libgcc.a(_addsubdf3.o)
 .data          0x00200ab8        0x0 E:/Program Files/Ingenico/IngeDev_7/plugins/com.ingenico.ingedev.telium.bin.win32.gnuarm.v434_7.14.0.0/os/win32/GNUARM/4.3.4/lib/gcc/arm-elf/4.3.4/thumb/soft/interwork/libgcc.a(_muldivdf3.o)
 .data          0x00200ab8        0x0 E:/Program Files/Ingenico/IngeDev_7/plugins/com.ingenico.ingedev.telium.bin.win32.gnuarm.v434_7.14.0.0/os/win32/GNUARM/4.3.4/lib/gcc/arm-elf/4.3.4/thumb/soft/interwork/libgcc.a(_cmpdf2.o)
 .data          0x00200ab8        0x0 E:/Program Files/Ingenico/IngeDev_7/plugins/com.ingenico.ingedev.telium.bin.win32.gnuarm.v434_7.14.0.0/os/win32/GNUARM/4.3.4/lib/gcc/arm-elf/4.3.4/thumb/soft/interwork/libgcc.a(_fixdfsi.o)
 .data          0x00200ab8        0x0 E:/Program Files/Ingenico/IngeDev_7/plugins/com.ingenico.ingedev.telium.bin.win32.gnuarm.v434_7.14.0.0/os/win32/GNUARM/4.3.4/lib/gcc/arm-elf/4.3.4/thumb/soft/interwork/libgcc.a(_muldi3.o)
 .data          0x00200ab8        0x0 E:/Program Files/Ingenico/IngeDev_7/plugins/com.ingenico.ingedev.telium.bin.win32.gnuarm.v434_7.14.0.0/os/win32/GNUARM/4.3.4/lib/gcc/arm-elf/4.3.4/thumb/soft/interwork/libgcc.a(_fixdfdi.o)
 .data          0x00200ab8        0x0 E:/Program Files/Ingenico/IngeDev_7/plugins/com.ingenico.ingedev.telium.bin.win32.gnuarm.v434_7.14.0.0/os/win32/GNUARM/4.3.4/lib/gcc/arm-elf/4.3.4/thumb/soft/interwork/libgcc.a(_fixunsdfdi.o)
 .data          0x00200ab8        0x0 E:/Program Files/Ingenico/IngeDev_7/plugins/com.ingenico.ingedev.telium.bin.win32.gnuarm.v434_7.14.0.0/os/win32/GNUARM/4.3.4/lib/gcc/arm-elf/4.3.4/thumb/soft/interwork/libgcc.a(_udivdi3.o)
 .data          0x00200ab8        0x0 E:/Program Files/Ingenico/IngeDev_7/plugins/com.ingenico.ingedev.telium.bin.win32.gnuarm.v434_7.14.0.0/os/win32/GNUARM/4.3.4/lib/gcc/arm-elf/4.3.4/thumb/soft/interwork/libgcc.a(_umoddi3.o)
 .data          0x00200ab8        0x0 E:/Program Files/Ingenico/IngeDev_7/plugins/com.ingenico.ingedev.telium.bin.win32.gnuarm.v434_7.14.0.0/os/win32/GNUARM/4.3.4/lib/gcc/arm-elf/4.3.4/thumb/soft/interwork/libgcc.a(_fixunsdfsi.o)
 .data          0x00200ab8        0x0 E:/Program Files/Ingenico/IngeDev_7/plugins/com.ingenico.ingedev.telium.bin.win32.gnuarm.v434_7.14.0.0/os/win32/GNUARM/4.3.4/lib/gcc/arm-elf/4.3.4/thumb/soft/interwork/libgcc.a(_clz.o)
 *(.gnu.linkonce.d.*)
                0x00200ab8                __data_end = .

.bss            0x00200ab8     0x1d24 load address 0x00012b09
                0x00200ab8                __bss_start = .
 *(.bss .bss.*)
 .bss           0x00200ab8        0x0 Obj/GNU_ARM_DEBUG/Main.o
 .bss           0x00200ab8       0x2a Obj/GNU_ARM_DEBUG/Entry.o
 *fill*         0x00200ae2        0x2 00
 .bss           0x00200ae4       0x94 Obj/GNU_ARM_DEBUG/Menu.o
 .bss           0x00200b78        0x0 Obj/GNU_ARM_DEBUG/Display.o
 .bss           0x00200b78       0x5c Obj/GNU_ARM_DEBUG/Parms.o
 .bss           0x00200bd4       0x40 Obj/GNU_ARM_DEBUG/UI.o
 .bss           0x00200c14        0xc Obj/GNU_ARM_DEBUG/Printer.o
 .bss           0x00200c20        0x0 Obj/GNU_ARM_DEBUG/Iso8583.o
 .bss           0x00200c20        0x0 Obj/GNU_ARM_DEBUG/Utils.o
 .bss           0x00200c20        0x0 Obj/GNU_ARM_DEBUG/Sale.o
 .bss           0x00200c20        0x0 Obj/GNU_ARM_DEBUG/Common.o
 .bss           0x00200c20        0x0 Obj/GNU_ARM_DEBUG/Card.o
 .bss           0x00200c20        0x0 Obj/GNU_ARM_DEBUG/cstartup.o
 .bss           0x00200c20        0x0 Obj/GNU_ARM_DEBUG/__ing_cguard.o
 .bss           0x00200c20        0x0 Obj/GNU_ARM_DEBUG/__ing_getRand_dateXORSerial.o
 .bss           0x00200c20        0x0 E:/Program Files/SDK30/SDK 9.4.1/SDK/lib_gnu_434/eft30.lib(ctype.o)
 .bss           0x00200c20        0x0 E:/Program Files/SDK30/SDK 9.4.1/SDK/lib_gnu_434/eft30.lib(atoi.o)
 .bss           0x00200c20        0x0 E:/Program Files/SDK30/SDK 9.4.1/SDK/lib_gnu_434/eft30.lib(atof.o)
 .bss           0x00200c20        0x4 E:/Program Files/SDK30/SDK 9.4.1/SDK/lib_gnu_434/eft30.lib(extens119.o)
 .bss           0x00200c24        0x4 E:/Program Files/SDK30/SDK 9.4.1/SDK/lib_gnu_434/eft30.lib(saisie18.o)
 .bss           0x00200c28        0x4 E:/Program Files/SDK30/SDK 9.4.1/SDK/lib_gnu_434/eft30.lib(saisie2.o)
 .bss           0x00200c2c        0x4 E:/Program Files/SDK30/SDK 9.4.1/SDK/lib_gnu_434/eft30.lib(saisie6.o)
 .bss           0x00200c30        0x4 E:/Program Files/SDK30/SDK 9.4.1/SDK/lib_gnu_434/eft30.lib(saisie7.o)
 .bss           0x00200c34        0x4 E:/Program Files/SDK30/SDK 9.4.1/SDK/lib_gnu_434/eft30.lib(saisie8.o)
 .bss           0x00200c38        0x4 E:/Program Files/SDK30/SDK 9.4.1/SDK/lib_gnu_434/eft30.lib(saisie9.o)
 .bss           0x00200c3c        0x4 E:/Program Files/SDK30/SDK 9.4.1/SDK/lib_gnu_434/eft30.lib(sv24.o)
 .bss           0x00200c40        0x8 E:/Program Files/SDK30/SDK 9.4.1/SDK/lib_gnu_434/eft30.lib(libgr1.o)
 .bss           0x00200c48        0x4 E:/Program Files/SDK30/SDK 9.4.1/SDK/lib_gnu_434/eft30.lib(libgr110.o)
 .bss           0x00200c4c        0x4 E:/Program Files/SDK30/SDK 9.4.1/SDK/lib_gnu_434/eft30.lib(libgr2.o)
 .bss           0x00200c50        0x4 E:/Program Files/SDK30/SDK 9.4.1/SDK/lib_gnu_434/eft30.lib(libgr23.o)
 .bss           0x00200c54        0x4 E:/Program Files/SDK30/SDK 9.4.1/SDK/lib_gnu_434/eft30.lib(libgr24.o)
 .bss           0x00200c58        0x8 E:/Program Files/SDK30/SDK 9.4.1/SDK/lib_gnu_434/eft30.lib(libgr26.o)
 .bss           0x00200c60        0x4 E:/Program Files/SDK30/SDK 9.4.1/SDK/lib_gnu_434/eft30.lib(libgr28.o)
 .bss           0x00200c64        0x4 E:/Program Files/SDK30/SDK 9.4.1/SDK/lib_gnu_434/eft30.lib(libgr3.o)
 .bss           0x00200c68        0x4 E:/Program Files/SDK30/SDK 9.4.1/SDK/lib_gnu_434/eft30.lib(libgr33.o)
 .bss           0x00200c6c        0x4 E:/Program Files/SDK30/SDK 9.4.1/SDK/lib_gnu_434/eft30.lib(libgr35.o)
 .bss           0x00200c70        0x4 E:/Program Files/SDK30/SDK 9.4.1/SDK/lib_gnu_434/eft30.lib(libgr37.o)
 .bss           0x00200c74        0x4 E:/Program Files/SDK30/SDK 9.4.1/SDK/lib_gnu_434/eft30.lib(libgr48.o)
 .bss           0x00200c78        0x4 E:/Program Files/SDK30/SDK 9.4.1/SDK/lib_gnu_434/eft30.lib(libgr49.o)
 .bss           0x00200c7c        0x4 E:/Program Files/SDK30/SDK 9.4.1/SDK/lib_gnu_434/eft30.lib(libgr5.o)
 .bss           0x00200c80        0x4 E:/Program Files/SDK30/SDK 9.4.1/SDK/lib_gnu_434/eft30.lib(libgr6.o)
 .bss           0x00200c84        0x4 E:/Program Files/SDK30/SDK 9.4.1/SDK/lib_gnu_434/eft30.lib(libgr7.o)
 .bss           0x00200c88        0x0 E:/Program Files/SDK30/SDK 9.4.1/SDK/lib_gnu_434/eft30.lib(LibAppli.o)
 .bss           0x00200c88        0x0 E:/Program Files/SDK30/SDK 9.4.1/SDK/lib_gnu_434/eft30.lib(extens.o)
 .bss           0x00200c88        0x0 E:/Program Files/SDK30/SDK 9.4.1/SDK/lib_gnu_434/eft30.lib(saisie.o)
 .bss           0x00200c88        0x0 E:/Program Files/SDK30/SDK 9.4.1/SDK/lib_gnu_434/eft30.lib(sv.o)
 .bss           0x00200c88        0x0 E:/Program Files/SDK30/SDK 9.4.1/SDK/lib_gnu_434/eft30.lib(libgr.o)
 .bss           0x00200c88        0x0 E:/Program Files/SDK30/SDK 9.4.1/SDK/lib_gnu_434/trap.lib(trap_1302___STDOUT.o)
 .bss           0x00200c88        0x0 E:/Program Files/SDK30/SDK 9.4.1/SDK/lib_gnu_434/trap.lib(trap_1313_fclose.o)
 .bss           0x00200c88        0x0 E:/Program Files/SDK30/SDK 9.4.1/SDK/lib_gnu_434/trap.lib(trap_1314_fopen.o)
 .bss           0x00200c88        0x0 E:/Program Files/SDK30/SDK 9.4.1/SDK/lib_gnu_434/trap.lib(trap_1319_getc.o)
 .bss           0x00200c88        0x0 E:/Program Files/SDK30/SDK 9.4.1/SDK/lib_gnu_434/trap.lib(trap_131B___STDIN.o)
 .bss           0x00200c88        0x0 E:/Program Files/SDK30/SDK 9.4.1/SDK/lib_gnu_434/trap.lib(trap_1323__vfprintf.o)
 .bss           0x00200c88        0x0 E:/Program Files/SDK30/SDK 9.4.1/SDK/lib_gnu_434/trap.lib(trap_1324_vsprintf.o)
 .bss           0x00200c88        0x0 E:/Program Files/SDK30/SDK 9.4.1/SDK/lib_gnu_434/trap.lib(trap_1327_fputs.o)
 .bss           0x00200c88        0x0 E:/Program Files/SDK30/SDK 9.4.1/SDK/lib_gnu_434/trap.lib(trap_1328_putc.o)
 .bss           0x00200c88        0x0 E:/Program Files/SDK30/SDK 9.4.1/SDK/lib_gnu_434/trap.lib(trap_1329_ttestall.o)
 .bss           0x00200c88        0x0 E:/Program Files/SDK30/SDK 9.4.1/SDK/lib_gnu_434/trap.lib(trap_132C_FormatOem.o)
 .bss           0x00200c88        0x0 E:/Program Files/SDK30/SDK 9.4.1/SDK/lib_gnu_434/trap.lib(trap_1348_ObjectGetInfo.o)
 .bss           0x00200c88        0x0 E:/Program Files/SDK30/SDK 9.4.1/SDK/lib_gnu_434/trap.lib(trap_1349_ObjectLoad.o)
 .bss           0x00200c88        0x0 E:/Program Files/SDK30/SDK 9.4.1/SDK/lib_gnu_434/trap.lib(trap_134D_ServiceRegister.o)
 .bss           0x00200c88        0x0 E:/Program Files/SDK30/SDK 9.4.1/SDK/lib_gnu_434/trap.lib(trap_1350_DllLink.o)
 .bss           0x00200c88        0x0 E:/Program Files/SDK30/SDK 9.4.1/SDK/lib_gnu_434/trap.lib(trap_1352_DllUnlink.o)
 .bss           0x00200c88        0x0 E:/Program Files/SDK30/SDK 9.4.1/SDK/lib_gnu_434/trap.lib(trap_1356_stdperif.o)
 .bss           0x00200c88        0x0 E:/Program Files/SDK30/SDK 9.4.1/SDK/lib_gnu_434/trap.lib(trap_1375_download.o)
 .bss           0x00200c88        0x0 E:/Program Files/SDK30/SDK 9.4.1/SDK/lib_gnu_434/trap.lib(trap_1378_OEM_exit.o)
 .bss           0x00200c88        0x0 E:/Program Files/SDK30/SDK 9.4.1/SDK/lib_gnu_434/trap.lib(trap_1386_upload_diagnostic_txt.o)
 .bss           0x00200c88        0x0 E:/Program Files/SDK30/SDK 9.4.1/SDK/lib_gnu_434/trap.lib(trap_138B_FS_dskcreate.o)
 .bss           0x00200c88        0x0 E:/Program Files/SDK30/SDK 9.4.1/SDK/lib_gnu_434/trap.lib(trap_138D_FS_mount.o)
 .bss           0x00200c88        0x0 E:/Program Files/SDK30/SDK 9.4.1/SDK/lib_gnu_434/trap.lib(trap_1399_FS_unlink.o)
 .bss           0x00200c88        0x0 E:/Program Files/SDK30/SDK 9.4.1/SDK/lib_gnu_434/trap.lib(trap_139A_FS_exist.o)
 .bss           0x00200c88        0x0 E:/Program Files/SDK30/SDK 9.4.1/SDK/lib_gnu_434/trap.lib(trap_139B_FS_open.o)
 .bss           0x00200c88        0x0 E:/Program Files/SDK30/SDK 9.4.1/SDK/lib_gnu_434/trap.lib(trap_139C_FS_close.o)
 .bss           0x00200c88        0x0 E:/Program Files/SDK30/SDK 9.4.1/SDK/lib_gnu_434/trap.lib(trap_139D_FS_read.o)
 .bss           0x00200c88        0x0 E:/Program Files/SDK30/SDK 9.4.1/SDK/lib_gnu_434/trap.lib(trap_139E_FS_write.o)
 .bss           0x00200c88        0x0 E:/Program Files/SDK30/SDK 9.4.1/SDK/lib_gnu_434/trap.lib(trap_139F_FS_flush.o)
 .bss           0x00200c88        0x0 E:/Program Files/SDK30/SDK 9.4.1/SDK/lib_gnu_434/trap.lib(trap_13A1_FS_length.o)
 .bss           0x00200c88        0x0 E:/Program Files/SDK30/SDK 9.4.1/SDK/lib_gnu_434/trap.lib(trap_13A2_FS_seek.o)
 .bss           0x00200c88        0x0 E:/Program Files/SDK30/SDK 9.4.1/SDK/lib_gnu_434/trap.lib(trap_13AB_first_init.o)
 .bss           0x00200c88        0x0 E:/Program Files/SDK30/SDK 9.4.1/SDK/lib_gnu_434/trap.lib(trap_13AD_raz_init.o)
 .bss           0x00200c88        0x0 E:/Program Files/SDK30/SDK 9.4.1/SDK/lib_gnu_434/trap.lib(trap_13B2_ApplicationGetCurrent.o)
 .bss           0x00200c88        0x0 E:/Program Files/SDK30/SDK 9.4.1/SDK/lib_gnu_434/trap.lib(trap_13B9_buzzer.o)
 .bss           0x00200c88        0x0 E:/Program Files/SDK30/SDK 9.4.1/SDK/lib_gnu_434/trap.lib(trap_13C1_trace.o)
 .bss           0x00200c88        0x0 E:/Program Files/SDK30/SDK 9.4.1/SDK/lib_gnu_434/trap.lib(trap_13C2_InitGkDrv.o)
 .bss           0x00200c88        0x0 E:/Program Files/SDK30/SDK 9.4.1/SDK/lib_gnu_434/trap.lib(trap_1406_umalloc.o)
 .bss           0x00200c88        0x0 E:/Program Files/SDK30/SDK 9.4.1/SDK/lib_gnu_434/trap.lib(trap_1407_ufree.o)
 .bss           0x00200c88        0x0 E:/Program Files/SDK30/SDK 9.4.1/SDK/lib_gnu_434/trap.lib(trap_1432_SystemFioctl.o)
 .bss           0x00200c88        0x0 E:/Program Files/SDK30/SDK 9.4.1/SDK/lib_gnu_434/AVL.lib(Proxy.o)
 .bss           0x00200c88        0x0 E:/Program Files/SDK30/SDK 9.4.1/SDK/lib_gnu_434/AVL.lib(Serializer.o)
 .bss           0x00200c88        0x0 E:/Program Files/SDK30/SDK 9.4.1/SDK/lib_gnu_434/AVL.lib(Serializer_Default.o)
 .bss           0x00200c88        0x0 E:/Program Files/SDK30/SDK 9.4.1/SDK/lib_gnu_434/AVL.lib(Serializer_Xml.o)
 .bss           0x00200c88        0x0 E:/Program Files/SDK30/SDK 9.4.1/SDK/lib_gnu_434/AVL.lib(XMLs_ProcessData.o)
 .bss           0x00200c88        0x0 E:/Program Files/SDK30/SDK 9.4.1/SDK/lib_gnu_434/AVL.lib(XMLs_Common.o)
 .bss           0x00200c88        0x0 E:/Program Files/SDK30/SDK 9.4.1/SDK/lib_gnu_434/AVL.lib(XMLs_Deprecated.o)
 .bss           0x00200c88        0x0 E:/Program Files/SDK30/SDK 9.4.1/SDK/lib_gnu_434/AVL.lib(XMLs_Parser_Deprecated.o)
 .bss           0x00200c88        0x0 E:/Program Files/SDK30/SDK 9.4.1/SDK/lib_gnu_434/AVL.lib(Internal.o)
 .bss           0x00200c88        0x0 E:/Program Files/SDK30/SDK 9.4.1/SDK/lib_gnu_434/LinkLayerExeInterface.lib(LinkLayerServices.o)
 .bss           0x00200c88        0x0 E:/Program Files/SDK30/SDK 9.4.1/SDK/lib_gnu_434/libcpatch.o
 .bss           0x00200c88        0x8 E:/Program Files/SDK30/SDK 9.4.1/SDK/lib_gnu_434/eft30.lib(extens87.o)
 .bss           0x00200c90        0x0 E:/Program Files/SDK30/SDK 9.4.1/SDK/lib_gnu_434/trap.lib(trap_142A_urealloc.o)
 .bss           0x00200c90        0x0 E:/Program Files/Ingenico/IngeDev_7/plugins/com.ingenico.ingedev.telium.bin.win32.gnuarm.v434_7.14.0.0/os/win32/GNUARM/4.3.4/arm-elf/lib/thumb/soft/interwork/libc.a(lib_a-atoll.o)
 .bss           0x00200c90        0x0 E:/Program Files/Ingenico/IngeDev_7/plugins/com.ingenico.ingedev.telium.bin.win32.gnuarm.v434_7.14.0.0/os/win32/GNUARM/4.3.4/arm-elf/lib/thumb/soft/interwork/libc.a(lib_a-difftime.o)
 .bss           0x00200c90        0x0 E:/Program Files/Ingenico/IngeDev_7/plugins/com.ingenico.ingedev.telium.bin.win32.gnuarm.v434_7.14.0.0/os/win32/GNUARM/4.3.4/arm-elf/lib/thumb/soft/interwork/libc.a(lib_a-errno.o)
 .bss           0x00200c90        0x0 E:/Program Files/Ingenico/IngeDev_7/plugins/com.ingenico.ingedev.telium.bin.win32.gnuarm.v434_7.14.0.0/os/win32/GNUARM/4.3.4/arm-elf/lib/thumb/soft/interwork/libc.a(lib_a-gmtime.o)
 .bss           0x00200c90        0x0 E:/Program Files/Ingenico/IngeDev_7/plugins/com.ingenico.ingedev.telium.bin.win32.gnuarm.v434_7.14.0.0/os/win32/GNUARM/4.3.4/arm-elf/lib/thumb/soft/interwork/libc.a(lib_a-gmtime_r.o)
 .bss           0x00200c90        0x0 E:/Program Files/Ingenico/IngeDev_7/plugins/com.ingenico.ingedev.telium.bin.win32.gnuarm.v434_7.14.0.0/os/win32/GNUARM/4.3.4/arm-elf/lib/thumb/soft/interwork/libc.a(lib_a-impure.o)
 .bss           0x00200c90        0x0 E:/Program Files/Ingenico/IngeDev_7/plugins/com.ingenico.ingedev.telium.bin.win32.gnuarm.v434_7.14.0.0/os/win32/GNUARM/4.3.4/arm-elf/lib/thumb/soft/interwork/libc.a(lib_a-malloc.o)
 .bss           0x00200c90        0x0 E:/Program Files/Ingenico/IngeDev_7/plugins/com.ingenico.ingedev.telium.bin.win32.gnuarm.v434_7.14.0.0/os/win32/GNUARM/4.3.4/arm-elf/lib/thumb/soft/interwork/libc.a(lib_a-memcmp.o)
 .bss           0x00200c90        0x0 E:/Program Files/Ingenico/IngeDev_7/plugins/com.ingenico.ingedev.telium.bin.win32.gnuarm.v434_7.14.0.0/os/win32/GNUARM/4.3.4/arm-elf/lib/thumb/soft/interwork/libc.a(lib_a-memcpy.o)